Archive member included to satisfy reference by file (symbol)

/Applications/STM32CubeIDE.app/Contents/Eclipse/plugins/com.st.stm32cube.ide.mcu.externaltools.gnu-tools-for-stm32.10.3-2021.10.macos64_1.0.0.202111181127/tools/bin/../lib/gcc/arm-none-eabi/10.3.1/../../../../arm-none-eabi/lib/thumb/v7e-m+fp/hard/libc_nano.a(lib_a-errno.o)
                              ./Core/Src/syscalls.o (__errno)
/Applications/STM32CubeIDE.app/Contents/Eclipse/plugins/com.st.stm32cube.ide.mcu.externaltools.gnu-tools-for-stm32.10.3-2021.10.macos64_1.0.0.202111181127/tools/bin/../lib/gcc/arm-none-eabi/10.3.1/../../../../arm-none-eabi/lib/thumb/v7e-m+fp/hard/libc_nano.a(lib_a-exit.o)
                              /Applications/STM32CubeIDE.app/Contents/Eclipse/plugins/com.st.stm32cube.ide.mcu.externaltools.gnu-tools-for-stm32.10.3-2021.10.macos64_1.0.0.202111181127/tools/bin/../lib/gcc/arm-none-eabi/10.3.1/../../../../arm-none-eabi/lib/thumb/v7e-m+fp/hard/crt0.o (exit)
/Applications/STM32CubeIDE.app/Contents/Eclipse/plugins/com.st.stm32cube.ide.mcu.externaltools.gnu-tools-for-stm32.10.3-2021.10.macos64_1.0.0.202111181127/tools/bin/../lib/gcc/arm-none-eabi/10.3.1/../../../../arm-none-eabi/lib/thumb/v7e-m+fp/hard/libc_nano.a(lib_a-impure.o)
                              /Applications/STM32CubeIDE.app/Contents/Eclipse/plugins/com.st.stm32cube.ide.mcu.externaltools.gnu-tools-for-stm32.10.3-2021.10.macos64_1.0.0.202111181127/tools/bin/../lib/gcc/arm-none-eabi/10.3.1/../../../../arm-none-eabi/lib/thumb/v7e-m+fp/hard/libc_nano.a(lib_a-exit.o) (_global_impure_ptr)
/Applications/STM32CubeIDE.app/Contents/Eclipse/plugins/com.st.stm32cube.ide.mcu.externaltools.gnu-tools-for-stm32.10.3-2021.10.macos64_1.0.0.202111181127/tools/bin/../lib/gcc/arm-none-eabi/10.3.1/../../../../arm-none-eabi/lib/thumb/v7e-m+fp/hard/libc_nano.a(lib_a-init.o)
                              /Applications/STM32CubeIDE.app/Contents/Eclipse/plugins/com.st.stm32cube.ide.mcu.externaltools.gnu-tools-for-stm32.10.3-2021.10.macos64_1.0.0.202111181127/tools/bin/../lib/gcc/arm-none-eabi/10.3.1/../../../../arm-none-eabi/lib/thumb/v7e-m+fp/hard/crt0.o (__libc_init_array)
/Applications/STM32CubeIDE.app/Contents/Eclipse/plugins/com.st.stm32cube.ide.mcu.externaltools.gnu-tools-for-stm32.10.3-2021.10.macos64_1.0.0.202111181127/tools/bin/../lib/gcc/arm-none-eabi/10.3.1/../../../../arm-none-eabi/lib/thumb/v7e-m+fp/hard/libc_nano.a(lib_a-memcpy-stub.o)
                              ./Core/Src/vl53l0x_platform.o (memcpy)
/Applications/STM32CubeIDE.app/Contents/Eclipse/plugins/com.st.stm32cube.ide.mcu.externaltools.gnu-tools-for-stm32.10.3-2021.10.macos64_1.0.0.202111181127/tools/bin/../lib/gcc/arm-none-eabi/10.3.1/../../../../arm-none-eabi/lib/thumb/v7e-m+fp/hard/libc_nano.a(lib_a-memset.o)
                              /Applications/STM32CubeIDE.app/Contents/Eclipse/plugins/com.st.stm32cube.ide.mcu.externaltools.gnu-tools-for-stm32.10.3-2021.10.macos64_1.0.0.202111181127/tools/bin/../lib/gcc/arm-none-eabi/10.3.1/../../../../arm-none-eabi/lib/thumb/v7e-m+fp/hard/crt0.o (memset)
/Applications/STM32CubeIDE.app/Contents/Eclipse/plugins/com.st.stm32cube.ide.mcu.externaltools.gnu-tools-for-stm32.10.3-2021.10.macos64_1.0.0.202111181127/tools/bin/../lib/gcc/arm-none-eabi/10.3.1/../../../../arm-none-eabi/lib/thumb/v7e-m+fp/hard/libc_nano.a(lib_a-printf.o)
                              ./Core/Src/main.o (printf)
/Applications/STM32CubeIDE.app/Contents/Eclipse/plugins/com.st.stm32cube.ide.mcu.externaltools.gnu-tools-for-stm32.10.3-2021.10.macos64_1.0.0.202111181127/tools/bin/../lib/gcc/arm-none-eabi/10.3.1/../../../../arm-none-eabi/lib/thumb/v7e-m+fp/hard/libc_nano.a(lib_a-puts.o)
                              ./Core/Src/main.o (puts)
/Applications/STM32CubeIDE.app/Contents/Eclipse/plugins/com.st.stm32cube.ide.mcu.externaltools.gnu-tools-for-stm32.10.3-2021.10.macos64_1.0.0.202111181127/tools/bin/../lib/gcc/arm-none-eabi/10.3.1/../../../../arm-none-eabi/lib/thumb/v7e-m+fp/hard/libc_nano.a(lib_a-sprintf.o)
                              ./Core/Src/main.o (sprintf)
/Applications/STM32CubeIDE.app/Contents/Eclipse/plugins/com.st.stm32cube.ide.mcu.externaltools.gnu-tools-for-stm32.10.3-2021.10.macos64_1.0.0.202111181127/tools/bin/../lib/gcc/arm-none-eabi/10.3.1/../../../../arm-none-eabi/lib/thumb/v7e-m+fp/hard/libc_nano.a(lib_a-strcpy.o)
                              ./Drivers/BSP/Components/vl53l0x/vl53l0x_api_core.o (strcpy)
/Applications/STM32CubeIDE.app/Contents/Eclipse/plugins/com.st.stm32cube.ide.mcu.externaltools.gnu-tools-for-stm32.10.3-2021.10.macos64_1.0.0.202111181127/tools/bin/../lib/gcc/arm-none-eabi/10.3.1/../../../../arm-none-eabi/lib/thumb/v7e-m+fp/hard/libc_nano.a(lib_a-wbuf.o)
[...]
Memory Configuration

Name             Origin             Length             Attributes
CCMRAM           0x0000000010000000 0x0000000000002000 xrw
RAM              0x0000000020000000 0x000000000000a000 xrw
FLASH            0x0000000008000000 0x0000000000040000 xr
*default*        0x0000000000000000 0xffffffffffffffff

Linker script and memory map

LOAD /Applications/STM32CubeIDE.app/Contents/Eclipse/plugins/com.st.stm32cube.ide.mcu.externaltools.gnu-tools-for-stm32.10.3-2021.10.macos64_1.0.0.202111181127/tools/bin/../lib/gcc/arm-none-eabi/10.3.1/thumb/v7e-m+fp/hard/crti.o
LOAD /Applications/STM32CubeIDE.app/Contents/Eclipse/plugins/com.st.stm32cube.ide.mcu.externaltools.gnu-tools-for-stm32.10.3-2021.10.macos64_1.0.0.202111181127/tools/bin/../lib/gcc/arm-none-eabi/10.3.1/thumb/v7e-m+fp/hard/crtbegin.o
LOAD /Applications/STM32CubeIDE.app/Contents/Eclipse/plugins/com.st.stm32cube.ide.mcu.externaltools.gnu-tools-for-stm32.10.3-2021.10.macos64_1.0.0.202111181127/tools/bin/../lib/gcc/arm-none-eabi/10.3.1/../../../../arm-none-eabi/lib/thumb/v7e-m+fp/hard/crt0.o
LOAD ./Core/Src/main.o
LOAD ./Core/Src/stm32f3xx_hal_msp.o
LOAD ./Core/Src/stm32f3xx_it.o
LOAD ./Core/Src/syscalls.o
LOAD ./Core/Src/sysmem.o
LOAD ./Core/Src/system_stm32f3xx.o
LOAD ./Core/Src/vl53l0x_platform.o
LOAD ./Core/Startup/startup_stm32f303vctx.o
LOAD ./Drivers/BSP/Components/vl53l0x/vl53l0x_api.o
LOAD ./Drivers/BSP/Components/vl53l0x/vl53l0x_api_calibration.o
LOAD ./Drivers/BSP/Components/vl53l0x/vl53l0x_api_core.o
LOAD ./Drivers/BSP/Components/vl53l0x/vl53l0x_api_ranging.o
LOAD ./Drivers/BSP/Components/vl53l0x/vl53l0x_api_strings.o
LOAD ./Drivers/BSP/Components/vl53l0x/vl53l0x_platform_log.o
LOAD ./Drivers/STM32F3xx_HAL_Driver/Src/stm32f3xx_hal.o
LOAD ./Drivers/STM32F3xx_HAL_Driver/Src/stm32f3xx_hal_cortex.o
LOAD ./Drivers/STM32F3xx_HAL_Driver/Src/stm32f3xx_hal_dma.o
LOAD ./Drivers/STM32F3xx_HAL_Driver/Src/stm32f3xx_hal_exti.o
LOAD ./Drivers/STM32F3xx_HAL_Driver/Src/stm32f3xx_hal_flash.o
LOAD ./Drivers/STM32F3xx_HAL_Driver/Src/stm32f3xx_hal_flash_ex.o
LOAD ./Drivers/STM32F3xx_HAL_Driver/Src/stm32f3xx_hal_gpio.o
LOAD ./Drivers/STM32F3xx_HAL_Driver/Src/stm32f3xx_hal_i2c.o
LOAD ./Drivers/STM32F3xx_HAL_Driver/Src/stm32f3xx_hal_i2c_ex.o
LOAD ./Drivers/STM32F3xx_HAL_Driver/Src/stm32f3xx_hal_pwr.o
LOAD ./Drivers/STM32F3xx_HAL_Driver/Src/stm32f3xx_hal_pwr_ex.o
LOAD ./Drivers/STM32F3xx_HAL_Driver/Src/stm32f3xx_hal_rcc.o
LOAD ./Drivers/STM32F3xx_HAL_Driver/Src/stm32f3xx_hal_rcc_ex.o
LOAD ./Drivers/STM32F3xx_HAL_Driver/Src/stm32f3xx_hal_tim.o
LOAD ./Drivers/STM32F3xx_HAL_Driver/Src/stm32f3xx_hal_tim_ex.o
START GROUP
LOAD /Applications/STM32CubeIDE.app/Contents/Eclipse/plugins/com.st.stm32cube.ide.mcu.externaltools.gnu-tools-for-stm32.10.3-2021.10.macos64_1.0.0.202111181127/tools/bin/../lib/gcc/arm-none-eabi/10.3.1/../../../../arm-none-eabi/lib/thumb/v7e-m+fp/hard/libc_nano.a
LOAD /Applications/STM32CubeIDE.app/Contents/Eclipse/plugins/com.st.stm32cube.ide.mcu.externaltools.gnu-tools-for-stm32.10.3-2021.10.macos64_1.0.0.202111181127/tools/bin/../lib/gcc/arm-none-eabi/10.3.1/../../../../arm-none-eabi/lib/thumb/v7e-m+fp/hard/libm.a
END GROUP
START GROUP
LOAD /Applications/STM32CubeIDE.app/Contents/Eclipse/plugins/com.st.stm32cube.ide.mcu.externaltools.gnu-tools-for-stm32.10.3-2021.10.macos64_1.0.0.202111181127/tools/bin/../lib/gcc/arm-none-eabi/10.3.1/thumb/v7e-m+fp/hard/libgcc.a
LOAD /Applications/STM32CubeIDE.app/Contents/Eclipse/plugins/com.st.stm32cube.ide.mcu.externaltools.gnu-tools-for-stm32.10.3-2021.10.macos64_1.0.0.202111181127/tools/bin/../lib/gcc/arm-none-eabi/10.3.1/../../../../arm-none-eabi/lib/thumb/v7e-m+fp/hard/libc_nano.a
END GROUP
START GROUP
LOAD /Applications/STM32CubeIDE.app/Contents/Eclipse/plugins/com.st.stm32cube.ide.mcu.externaltools.gnu-tools-for-stm32.10.3-2021.10.macos64_1.0.0.202111181127/tools/bin/../lib/gcc/arm-none-eabi/10.3.1/thumb/v7e-m+fp/hard/libgcc.a
LOAD /Applications/STM32CubeIDE.app/Contents/Eclipse/plugins/com.st.stm32cube.ide.mcu.externaltools.gnu-tools-for-stm32.10.3-2021.10.macos64_1.0.0.202111181127/tools/bin/../lib/gcc/arm-none-eabi/10.3.1/../../../../arm-none-eabi/lib/thumb/v7e-m+fp/hard/libc_nano.a
LOAD /Applications/STM32CubeIDE.app/Contents/Eclipse/plugins/com.st.stm32cube.ide.mcu.externaltools.gnu-tools-for-stm32.10.3-2021.10.macos64_1.0.0.202111181127/tools/bin/../lib/gcc/arm-none-eabi/10.3.1/../../../../arm-none-eabi/lib/thumb/v7e-m+fp/hard/libnosys.a
END GROUP
START GROUP
LOAD /Applications/STM32CubeIDE.app/Contents/Eclipse/plugins/com.st.stm32cube.ide.mcu.externaltools.gnu-tools-for-stm32.10.3-2021.10.macos64_1.0.0.202111181127/tools/bin/../lib/gcc/arm-none-eabi/10.3.1/thumb/v7e-m+fp/hard/libgcc.a
LOAD /Applications/STM32CubeIDE.app/Contents/Eclipse/plugins/com.st.stm32cube.ide.mcu.externaltools.gnu-tools-for-stm32.10.3-2021.10.macos64_1.0.0.202111181127/tools/bin/../lib/gcc/arm-none-eabi/10.3.1/../../../../arm-none-eabi/lib/thumb/v7e-m+fp/hard/libc_nano.a
LOAD /Applications/STM32CubeIDE.app/Contents/Eclipse/plugins/com.st.stm32cube.ide.mcu.externaltools.gnu-tools-for-stm32.10.3-2021.10.macos64_1.0.0.202111181127/tools/bin/../lib/gcc/arm-none-eabi/10.3.1/../../../../arm-none-eabi/lib/thumb/v7e-m+fp/hard/libnosys.a
END GROUP
LOAD /Applications/STM32CubeIDE.app/Contents/Eclipse/plugins/com.st.stm32cube.ide.mcu.externaltools.gnu-tools-for-stm32.10.3-2021.10.macos64_1.0.0.202111181127/tools/bin/../lib/gcc/arm-none-eabi/10.3.1/thumb/v7e-m+fp/hard/crtend.o
LOAD /Applications/STM32CubeIDE.app/Contents/Eclipse/plugins/com.st.stm32cube.ide.mcu.externaltools.gnu-tools-for-stm32.10.3-2021.10.macos64_1.0.0.202111181127/tools/bin/../lib/gcc/arm-none-eabi/10.3.1/thumb/v7e-m+fp/hard/crtn.o
                0x000000002000a000                _estack = (ORIGIN (RAM) + LENGTH (RAM))
                0x0000000000000200                _Min_Heap_Size = 0x200
                0x0000000000000400                _Min_Stack_Size = 0x400

.isr_vector     0x0000000008000000      0x188
                0x0000000008000000                . = ALIGN (0x4)
 *(.isr_vector)
 .isr_vector    0x0000000008000000      0x188 ./Core/Startup/startup_stm32f303vctx.o
                0x0000000008000000                g_pfnVectors
                0x0000000008000188                . = ALIGN (0x4)

.text           0x0000000008000190     0x8e00
                0x0000000008000190                . = ALIGN (0x4)
 *(.text)
 .text          0x0000000008000190       0x40 /Applications/STM32CubeIDE.app/Contents/Eclipse/plugins/com.st.stm32cube.ide.mcu.externaltools.gnu-tools-for-stm32.10.3-2021.10.macos64_1.0.0.202111181127/tools/bin/../lib/gcc/arm-none-eabi/10.3.1/thumb/v7e-m+fp/hard/crtbegin.o
 .text          0x00000000080001d0       0xa0 /Applications/STM32CubeIDE.app/Contents/Eclipse/plugins/com.st.stm32cube.ide.mcu.externaltools.gnu-tools-for-stm32.10.3-2021.10.macos64_1.0.0.202111181127/tools/bin/../lib/gcc/arm-none-eabi/10.3.1/../../../../arm-none-eabi/lib/thumb/v7e-m+fp/hard/libc_nano.a(lib_a-memchr.o)
                0x00000000080001d0                memchr
 *(.text*)
 .text.main     0x0000000008000270      0x118 ./Core/Src/main.o
                0x0000000008000270                main
 .text.SystemClock_Config
                0x0000000008000388       0xac ./Core/Src/main.o
                0x0000000008000388                SystemClock_Config
 .text.MX_I2C2_Init
                0x0000000008000434       0x80 ./Core/Src/main.o
 .text.MX_GPIO_Init
                0x00000000080004b4      0x168 ./Core/Src/main.o
 .text.Error_Handler
                0x000000000800061c        0xa ./Core/Src/main.o
                0x000000000800061c                Error_Handler
 *fill*         0x0000000008000626        0x2 
 .text.HAL_MspInit
                0x0000000008000628       0x48 ./Core/Src/stm32f3xx_hal_msp.o
                0x0000000008000628                HAL_MspInit
 .text.HAL_I2C_MspInit
                0x0000000008000670       0x88 ./Core/Src/stm32f3xx_hal_msp.o
                0x0000000008000670                HAL_I2C_MspInit
 .text.NMI_Handler
                0x00000000080006f8        0x6 ./Core/Src/stm32f3xx_it.o
                0x00000000080006f8                NMI_Handler
 .text.HardFault_Handler
                0x00000000080006fe        0x6 ./Core/Src/stm32f3xx_it.o
                0x00000000080006fe                HardFault_Handler
 .text.MemManage_Handler
                0x0000000008000704        0x6 ./Core/Src/stm32f3xx_it.o
                0x0000000008000704                MemManage_Handler
 .text.BusFault_Handler
                0x000000000800070a        0x6 ./Core/Src/stm32f3xx_it.o
                0x000000000800070a                BusFault_Handler
 .text.UsageFault_Handler
                0x0000000008000710        0x6 ./Core/Src/stm32f3xx_it.o
                0x0000000008000710                UsageFault_Handler
 .text.SVC_Handler
                0x0000000008000716        0xe ./Core/Src/stm32f3xx_it.o
                0x0000000008000716                SVC_Handler
 .text.DebugMon_Handler
                0x0000000008000724        0xe ./Core/Src/stm32f3xx_it.o
                0x0000000008000724                DebugMon_Handler
 .text.PendSV_Handler
                0x0000000008000732        0xe ./Core/Src/stm32f3xx_it.o
                0x0000000008000732                PendSV_Handler
 .text.SysTick_Handler
                0x0000000008000740        0xc ./Core/Src/stm32f3xx_it.o
                0x0000000008000740                SysTick_Handler
 .text._read    0x000000000800074c       0x3a ./Core/Src/syscalls.o
                0x000000000800074c                _read
 .text._write   0x0000000008000786       0x38 ./Core/Src/syscalls.o
                0x0000000008000786                _write
 .text._close   0x00000000080007be       0x18 ./Core/Src/syscalls.o
                0x00000000080007be                _close
 .text._fstat   0x00000000080007d6       0x20 ./Core/Src/syscalls.o
                0x00000000080007d6                _fstat
 .text._isatty  0x00000000080007f6       0x16 ./Core/Src/syscalls.o
                0x00000000080007f6                _isatty
 .text._lseek   0x000000000800080c       0x1a ./Core/Src/syscalls.o
                0x000000000800080c                _lseek
 *fill*         0x0000000008000826        0x2 
 .text._sbrk    0x0000000008000828       0x6c ./Core/Src/sysmem.o
                0x0000000008000828                _sbrk
 .text.SystemInit
                0x0000000008000894       0x24 ./Core/Src/system_stm32f3xx.o
                0x0000000008000894                SystemInit
 .text._I2CWrite
                0x00000000080008b8       0x3e ./Core/Src/vl53l0x_platform.o
                0x00000000080008b8                _I2CWrite
 .text._I2CRead
                0x00000000080008f6       0x44 ./Core/Src/vl53l0x_platform.o
                0x00000000080008f6                _I2CRead
 *fill*         0x000000000800093a        0x2 
 .text.VL53L0X_WriteMulti
                0x000000000800093c       0x60 ./Core/Src/vl53l0x_platform.o
                0x000000000800093c                VL53L0X_WriteMulti
 .text.VL53L0X_ReadMulti
                0x000000000800099c       0x56 ./Core/Src/vl53l0x_platform.o
                0x000000000800099c                VL53L0X_ReadMulti
 *fill*         0x00000000080009f2        0x2 
 .text.VL53L0X_WrByte
                0x00000000080009f4       0x48 ./Core/Src/vl53l0x_platform.o
                0x00000000080009f4                VL53L0X_WrByte
 .text.VL53L0X_WrWord
                0x0000000008000a3c       0x54 ./Core/Src/vl53l0x_platform.o
                0x0000000008000a3c                VL53L0X_WrWord
 .text.VL53L0X_WrDWord
                0x0000000008000a90       0x64 ./Core/Src/vl53l0x_platform.o
                0x0000000008000a90                VL53L0X_WrDWord
 .text.VL53L0X_UpdateByte
                0x0000000008000af4       0x68 ./Core/Src/vl53l0x_platform.o
                0x0000000008000af4                VL53L0X_UpdateByte
 .text.VL53L0X_RdByte
                0x0000000008000b5c       0x54 ./Core/Src/vl53l0x_platform.o
                0x0000000008000b5c                VL53L0X_RdByte
 .text.VL53L0X_RdWord
                0x0000000008000bb0       0x70 ./Core/Src/vl53l0x_platform.o
                0x0000000008000bb0                VL53L0X_RdWord
 .text.VL53L0X_RdDWord
                0x0000000008000c20       0x78 ./Core/Src/vl53l0x_platform.o
                0x0000000008000c20                VL53L0X_RdDWord
 .text.VL53L0X_PollingDelay
                0x0000000008000c98       0x1e ./Core/Src/vl53l0x_platform.o
                0x0000000008000c98                VL53L0X_PollingDelay
 *fill*         0x0000000008000cb6        0x2 
 .text.Reset_Handler
                0x0000000008000cb8       0x50 ./Core/Startup/startup_stm32f303vctx.o
                0x0000000008000cb8                Reset_Handler
 .text.Default_Handler
                0x0000000008000d08        0x2 ./Core/Startup/startup_stm32f303vctx.o
                0x0000000008000d08                TIM1_BRK_TIM15_IRQHandler
                0x0000000008000d08                TIM8_TRG_COM_IRQHandler
                0x0000000008000d08                TIM8_CC_IRQHandler
                0x0000000008000d08                TIM1_CC_IRQHandler
                0x0000000008000d08                USB_HP_IRQHandler
                0x0000000008000d08                PVD_IRQHandler
                0x0000000008000d08                TAMP_STAMP_IRQHandler
                0x0000000008000d08                EXTI3_IRQHandler
                0x0000000008000d08                USB_HP_CAN_TX_IRQHandler
                0x0000000008000d08                EXTI0_IRQHandler
                0x0000000008000d08                I2C2_EV_IRQHandler
                0x0000000008000d08                FPU_IRQHandler
                0x0000000008000d08                TIM1_UP_TIM16_IRQHandler
                0x0000000008000d08                ADC1_2_IRQHandler
                0x0000000008000d08                SPI1_IRQHandler
                0x0000000008000d08                CAN_SCE_IRQHandler
                0x0000000008000d08                TIM6_DAC_IRQHandler
                0x0000000008000d08                TIM8_UP_IRQHandler
                0x0000000008000d08                DMA2_Channel2_IRQHandler
                0x0000000008000d08                DMA1_Channel4_IRQHandler
                0x0000000008000d08                USART3_IRQHandler
                0x0000000008000d08                DMA1_Channel7_IRQHandler
                0x0000000008000d08                UART5_IRQHandler
                0x0000000008000d08                ADC3_IRQHandler
                0x0000000008000d08                TIM4_IRQHandler
                0x0000000008000d08                CAN_RX1_IRQHandler
                0x0000000008000d08                DMA2_Channel1_IRQHandler
                0x0000000008000d08                I2C1_EV_IRQHandler
                0x0000000008000d08                DMA1_Channel6_IRQHandler
                0x0000000008000d08                UART4_IRQHandler
                0x0000000008000d08                DMA2_Channel4_IRQHandler
                0x0000000008000d08                TIM3_IRQHandler
                0x0000000008000d08                RCC_IRQHandler
                0x0000000008000d08                DMA1_Channel1_IRQHandler
                0x0000000008000d08                Default_Handler
                0x0000000008000d08                USBWakeUp_RMP_IRQHandler
                0x0000000008000d08                EXTI15_10_IRQHandler
                0x0000000008000d08                TIM7_IRQHandler
                0x0000000008000d08                EXTI9_5_IRQHandler
                0x0000000008000d08                RTC_WKUP_IRQHandler
                0x0000000008000d08                SPI2_IRQHandler
                0x0000000008000d08                USB_LP_CAN_RX0_IRQHandler
                0x0000000008000d08                DMA2_Channel5_IRQHandler
                0x0000000008000d08                DMA1_Channel5_IRQHandler
                0x0000000008000d08                USB_LP_IRQHandler
                0x0000000008000d08                EXTI4_IRQHandler
                0x0000000008000d08                TIM1_TRG_COM_TIM17_IRQHandler
                0x0000000008000d08                DMA1_Channel3_IRQHandler
                0x0000000008000d08                ADC4_IRQHandler
                0x0000000008000d08                WWDG_IRQHandler
                0x0000000008000d08                TIM2_IRQHandler
                0x0000000008000d08                COMP7_IRQHandler
                0x0000000008000d08                COMP1_2_3_IRQHandler
                0x0000000008000d08                EXTI1_IRQHandler
                0x0000000008000d08                USART2_IRQHandler
                0x0000000008000d08                COMP4_5_6_IRQHandler
                0x0000000008000d08                I2C2_ER_IRQHandler
                0x0000000008000d08                DMA1_Channel2_IRQHandler
                0x0000000008000d08                TIM8_BRK_IRQHandler
                0x0000000008000d08                FLASH_IRQHandler
                0x0000000008000d08                USART1_IRQHandler
                0x0000000008000d08                SPI3_IRQHandler
                0x0000000008000d08                I2C1_ER_IRQHandler
                0x0000000008000d08                USBWakeUp_IRQHandler
                0x0000000008000d08                DMA2_Channel3_IRQHandler
                0x0000000008000d08                EXTI2_TSC_IRQHandler
                0x0000000008000d08                RTC_Alarm_IRQHandler
 .text.VL53L0X_GetOffsetCalibrationDataMicroMeter
                0x0000000008000d0a       0x26 ./Drivers/BSP/Components/vl53l0x/vl53l0x_api.o
                0x0000000008000d0a                VL53L0X_GetOffsetCalibrationDataMicroMeter
 .text.VL53L0X_DataInit
                0x0000000008000d30      0x2c8 ./Drivers/BSP/Components/vl53l0x/vl53l0x_api.o
                0x0000000008000d30                VL53L0X_DataInit
 .text.VL53L0X_StaticInit
                0x0000000008000ff8      0x304 ./Drivers/BSP/Components/vl53l0x/vl53l0x_api.o
                0x0000000008000ff8                VL53L0X_StaticInit
 .text.VL53L0X_GetDeviceParameters
                0x00000000080012fc      0x120 ./Drivers/BSP/Components/vl53l0x/vl53l0x_api.o
                0x00000000080012fc                VL53L0X_GetDeviceParameters
 .text.VL53L0X_SetDeviceMode
                0x000000000800141c       0x58 ./Drivers/BSP/Components/vl53l0x/vl53l0x_api.o
                0x000000000800141c                VL53L0X_SetDeviceMode
 .text.VL53L0X_GetDeviceMode
                0x0000000008001474       0x26 ./Drivers/BSP/Components/vl53l0x/vl53l0x_api.o
                0x0000000008001474                VL53L0X_GetDeviceMode
 .text.VL53L0X_GetFractionEnable
                0x000000000800149a       0x3e ./Drivers/BSP/Components/vl53l0x/vl53l0x_api.o
                0x000000000800149a                VL53L0X_GetFractionEnable
 .text.VL53L0X_SetMeasurementTimingBudgetMicroSeconds
                0x00000000080014d8       0x26 ./Drivers/BSP/Components/vl53l0x/vl53l0x_api.o
                0x00000000080014d8                VL53L0X_SetMeasurementTimingBudgetMicroSeconds
 .text.VL53L0X_GetMeasurementTimingBudgetMicroSeconds
                0x00000000080014fe       0x26 ./Drivers/BSP/Components/vl53l0x/vl53l0x_api.o
                0x00000000080014fe                VL53L0X_GetMeasurementTimingBudgetMicroSeconds
 .text.VL53L0X_GetVcselPulsePeriod
                0x0000000008001524       0x2e ./Drivers/BSP/Components/vl53l0x/vl53l0x_api.o
                0x0000000008001524                VL53L0X_GetVcselPulsePeriod
 *fill*         0x0000000008001552        0x2 
 .text.VL53L0X_SetSequenceStepEnable
                0x0000000008001554      0x144 ./Drivers/BSP/Components/vl53l0x/vl53l0x_api.o
                0x0000000008001554                VL53L0X_SetSequenceStepEnable
 .text.sequence_step_enabled
                0x0000000008001698       0xa4 ./Drivers/BSP/Components/vl53l0x/vl53l0x_api.o
                0x0000000008001698                sequence_step_enabled
 .text.VL53L0X_GetSequenceStepEnables
                0x000000000800173c       0xb0 ./Drivers/BSP/Components/vl53l0x/vl53l0x_api.o
                0x000000000800173c                VL53L0X_GetSequenceStepEnables
 .text.VL53L0X_SetInterMeasurementPeriodMilliSeconds
                0x00000000080017ec       0x68 ./Drivers/BSP/Components/vl53l0x/vl53l0x_api.o
                0x00000000080017ec                VL53L0X_SetInterMeasurementPeriodMilliSeconds
 .text.VL53L0X_GetInterMeasurementPeriodMilliSeconds
                0x0000000008001854       0x68 ./Drivers/BSP/Components/vl53l0x/vl53l0x_api.o
                0x0000000008001854                VL53L0X_GetInterMeasurementPeriodMilliSeconds
 .text.VL53L0X_GetXTalkCompensationEnable
                0x00000000080018bc       0x2a ./Drivers/BSP/Components/vl53l0x/vl53l0x_api.o
                0x00000000080018bc                VL53L0X_GetXTalkCompensationEnable
 .text.VL53L0X_GetXTalkCompensationRateMegaCps
                0x00000000080018e6       0x66 ./Drivers/BSP/Components/vl53l0x/vl53l0x_api.o
                0x00000000080018e6                VL53L0X_GetXTalkCompensationRateMegaCps
 .text.VL53L0X_SetLimitCheckEnable
                0x000000000800194c      0x118 ./Drivers/BSP/Components/vl53l0x/vl53l0x_api.o
                0x000000000800194c                VL53L0X_SetLimitCheckEnable
 .text.VL53L0X_GetLimitCheckEnable
                0x0000000008001a64       0x46 ./Drivers/BSP/Components/vl53l0x/vl53l0x_api.o
                0x0000000008001a64                VL53L0X_GetLimitCheckEnable
 *fill*         0x0000000008001aaa        0x2 
 .text.VL53L0X_SetLimitCheckValue
                0x0000000008001aac       0xc4 ./Drivers/BSP/Components/vl53l0x/vl53l0x_api.o
                0x0000000008001aac                VL53L0X_SetLimitCheckValue
 .text.VL53L0X_GetLimitCheckValue
                0x0000000008001b70      0x11c ./Drivers/BSP/Components/vl53l0x/vl53l0x_api.o
                0x0000000008001b70                VL53L0X_GetLimitCheckValue
 .text.VL53L0X_GetWrapAroundCheckEnable
                0x0000000008001c8c       0x64 ./Drivers/BSP/Components/vl53l0x/vl53l0x_api.o
                0x0000000008001c8c                VL53L0X_GetWrapAroundCheckEnable
 .text.VL53L0X_PerformSingleMeasurement
                0x0000000008001cf0       0x68 ./Drivers/BSP/Components/vl53l0x/vl53l0x_api.o
                0x0000000008001cf0                VL53L0X_PerformSingleMeasurement
 .text.VL53L0X_PerformRefCalibration
                0x0000000008001d58       0x2c ./Drivers/BSP/Components/vl53l0x/vl53l0x_api.o
                0x0000000008001d58                VL53L0X_PerformRefCalibration
 .text.VL53L0X_CheckAndLoadInterruptSettings
                0x0000000008001d84       0xcc ./Drivers/BSP/Components/vl53l0x/vl53l0x_api.o
                0x0000000008001d84                VL53L0X_CheckAndLoadInterruptSettings
 .text.VL53L0X_StartMeasurement
                0x0000000008001e50      0x184 ./Drivers/BSP/Components/vl53l0x/vl53l0x_api.o
                0x0000000008001e50                VL53L0X_StartMeasurement
 .text.VL53L0X_GetMeasurementDataReady
                0x0000000008001fd4       0x80 ./Drivers/BSP/Components/vl53l0x/vl53l0x_api.o
                0x0000000008001fd4                VL53L0X_GetMeasurementDataReady
 .text.VL53L0X_GetRangingMeasurementData
                0x0000000008002054      0x248 ./Drivers/BSP/Components/vl53l0x/vl53l0x_api.o
                0x0000000008002054                VL53L0X_GetRangingMeasurementData
 .text.VL53L0X_PerformSingleRangingMeasurement
                0x000000000800229c       0x60 ./Drivers/BSP/Components/vl53l0x/vl53l0x_api.o
                0x000000000800229c                VL53L0X_PerformSingleRangingMeasurement
 .text.VL53L0X_SetGpioConfig
                0x00000000080022fc      0x248 ./Drivers/BSP/Components/vl53l0x/vl53l0x_api.o
                0x00000000080022fc                VL53L0X_SetGpioConfig
 .text.VL53L0X_GetInterruptThresholds
                0x0000000008002544       0x6c ./Drivers/BSP/Components/vl53l0x/vl53l0x_api.o
                0x0000000008002544                VL53L0X_GetInterruptThresholds
 .text.VL53L0X_ClearInterruptMask
                0x00000000080025b0       0x80 ./Drivers/BSP/Components/vl53l0x/vl53l0x_api.o
                0x00000000080025b0                VL53L0X_ClearInterruptMask
 .text.VL53L0X_GetInterruptMaskStatus
                0x0000000008002630       0x44 ./Drivers/BSP/Components/vl53l0x/vl53l0x_api.o
                0x0000000008002630                VL53L0X_GetInterruptMaskStatus
 .text.VL53L0X_PerformRefSpadManagement
                0x0000000008002674       0x2a ./Drivers/BSP/Components/vl53l0x/vl53l0x_api.o
                0x0000000008002674                VL53L0X_PerformRefSpadManagement
 .text.VL53L0X_get_offset_calibration_data_micro_meter
                0x000000000800269e       0x7e ./Drivers/BSP/Components/vl53l0x/vl53l0x_api_calibration.o
                0x000000000800269e                VL53L0X_get_offset_calibration_data_micro_meter
 .text.get_next_good_spad
                0x000000000800271c       0xbc ./Drivers/BSP/Components/vl53l0x/vl53l0x_api_calibration.o
                0x000000000800271c                get_next_good_spad
 .text.is_aperture
                0x00000000080027d8       0x34 ./Drivers/BSP/Components/vl53l0x/vl53l0x_api_calibration.o
                0x00000000080027d8                is_aperture
 .text.enable_spad_bit
                0x000000000800280c       0x70 ./Drivers/BSP/Components/vl53l0x/vl53l0x_api_calibration.o
                0x000000000800280c                enable_spad_bit
 .text.set_ref_spad_map
                0x000000000800287c       0x26 ./Drivers/BSP/Components/vl53l0x/vl53l0x_api_calibration.o
                0x000000000800287c                set_ref_spad_map
 .text.get_ref_spad_map
                0x00000000080028a2       0x26 ./Drivers/BSP/Components/vl53l0x/vl53l0x_api_calibration.o
                0x00000000080028a2                get_ref_spad_map
 .text.enable_ref_spads
                0x00000000080028c8       0xf8 ./Drivers/BSP/Components/vl53l0x/vl53l0x_api_calibration.o
                0x00000000080028c8                enable_ref_spads
 .text.perform_ref_signal_measurement
                0x00000000080029c0       0xd4 ./Drivers/BSP/Components/vl53l0x/vl53l0x_api_calibration.o
                0x00000000080029c0                perform_ref_signal_measurement
 .text.VL53L0X_perform_ref_spad_management
                0x0000000008002a94      0x418 ./Drivers/BSP/Components/vl53l0x/vl53l0x_api_calibration.o
                0x0000000008002a94                VL53L0X_perform_ref_spad_management
 .text.VL53L0X_set_reference_spads
                0x0000000008002eac      0x14a ./Drivers/BSP/Components/vl53l0x/vl53l0x_api_calibration.o
                0x0000000008002eac                VL53L0X_set_reference_spads
 .text.VL53L0X_perform_single_ref_calibration
                0x0000000008002ff6       0x76 ./Drivers/BSP/Components/vl53l0x/vl53l0x_api_calibration.o
                0x0000000008002ff6                VL53L0X_perform_single_ref_calibration
 .text.VL53L0X_ref_calibration_io
                0x000000000800306c      0x132 ./Drivers/BSP/Components/vl53l0x/vl53l0x_api_calibration.o
                0x000000000800306c                VL53L0X_ref_calibration_io
 .text.VL53L0X_perform_vhv_calibration
                0x000000000800319e       0xce ./Drivers/BSP/Components/vl53l0x/vl53l0x_api_calibration.o
                0x000000000800319e                VL53L0X_perform_vhv_calibration
 .text.VL53L0X_perform_phase_calibration
                0x000000000800326c       0xca ./Drivers/BSP/Components/vl53l0x/vl53l0x_api_calibration.o
                0x000000000800326c                VL53L0X_perform_phase_calibration
 .text.VL53L0X_perform_ref_calibration
                0x0000000008003336       0x7a ./Drivers/BSP/Components/vl53l0x/vl53l0x_api_calibration.o
                0x0000000008003336                VL53L0X_perform_ref_calibration
 .text.VL53L0X_measurement_poll_for_completion
                0x00000000080033b0       0x60 ./Drivers/BSP/Components/vl53l0x/vl53l0x_api_core.o
                0x00000000080033b0                VL53L0X_measurement_poll_for_completion
 .text.VL53L0X_decode_vcsel_period
                0x0000000008003410       0x26 ./Drivers/BSP/Components/vl53l0x/vl53l0x_api_core.o
                0x0000000008003410                VL53L0X_decode_vcsel_period
 .text.VL53L0X_isqrt
                0x0000000008003436       0x68 ./Drivers/BSP/Components/vl53l0x/vl53l0x_api_core.o
                0x0000000008003436                VL53L0X_isqrt
 .text.VL53L0X_device_read_strobe
                0x000000000800349e       0x86 ./Drivers/BSP/Components/vl53l0x/vl53l0x_api_core.o
                0x000000000800349e                VL53L0X_device_read_strobe
 .text.VL53L0X_get_info_from_device
                0x0000000008003524      0x99a ./Drivers/BSP/Components/vl53l0x/vl53l0x_api_core.o
                0x0000000008003524                VL53L0X_get_info_from_device
 .text.VL53L0X_calc_macro_period_ps
                0x0000000008003ebe       0x3c ./Drivers/BSP/Components/vl53l0x/vl53l0x_api_core.o
                0x0000000008003ebe                VL53L0X_calc_macro_period_ps
 .text.VL53L0X_encode_timeout
                0x0000000008003efa       0x58 ./Drivers/BSP/Components/vl53l0x/vl53l0x_api_core.o
                0x0000000008003efa                VL53L0X_encode_timeout
 .text.VL53L0X_decode_timeout
                0x0000000008003f52       0x2c ./Drivers/BSP/Components/vl53l0x/vl53l0x_api_core.o
                0x0000000008003f52                VL53L0X_decode_timeout
 *fill*         0x0000000008003f7e        0x2 
 .text.VL53L0X_calc_timeout_mclks
                0x0000000008003f80       0x54 ./Drivers/BSP/Components/vl53l0x/vl53l0x_api_core.o
                0x0000000008003f80                VL53L0X_calc_timeout_mclks
 .text.VL53L0X_calc_timeout_us
                0x0000000008003fd4       0x54 ./Drivers/BSP/Components/vl53l0x/vl53l0x_api_core.o
                0x0000000008003fd4                VL53L0X_calc_timeout_us
 .text.get_sequence_step_timeout
                0x0000000008004028      0x1c2 ./Drivers/BSP/Components/vl53l0x/vl53l0x_api_core.o
                0x0000000008004028                get_sequence_step_timeout
 .text.set_sequence_step_timeout
                0x00000000080041ea      0x1e4 ./Drivers/BSP/Components/vl53l0x/vl53l0x_api_core.o
                0x00000000080041ea                set_sequence_step_timeout
 .text.VL53L0X_get_vcsel_pulse_period
                0x00000000080043ce       0x6e ./Drivers/BSP/Components/vl53l0x/vl53l0x_api_core.o
                0x00000000080043ce                VL53L0X_get_vcsel_pulse_period
 .text.VL53L0X_set_measurement_timing_budget_micro_seconds
                0x000000000800443c      0x1c0 ./Drivers/BSP/Components/vl53l0x/vl53l0x_api_core.o
                0x000000000800443c                VL53L0X_set_measurement_timing_budget_micro_seconds
 .text.VL53L0X_get_measurement_timing_budget_micro_seconds
                0x00000000080045fc      0x162 ./Drivers/BSP/Components/vl53l0x/vl53l0x_api_core.o
                0x00000000080045fc                VL53L0X_get_measurement_timing_budget_micro_seconds
 *fill*         0x000000000800475e        0x2 
 .text.VL53L0X_load_tuning_settings
                0x0000000008004760      0x1c4 ./Drivers/BSP/Components/vl53l0x/vl53l0x_api_core.o
                0x0000000008004760                VL53L0X_load_tuning_settings
 .text.VL53L0X_get_total_xtalk_rate
                0x0000000008004924       0x5e ./Drivers/BSP/Components/vl53l0x/vl53l0x_api_core.o
                0x0000000008004924                VL53L0X_get_total_xtalk_rate
 .text.VL53L0X_get_total_signal_rate
                0x0000000008004982       0x4a ./Drivers/BSP/Components/vl53l0x/vl53l0x_api_core.o
                0x0000000008004982                VL53L0X_get_total_signal_rate
 .text.VL53L0X_calc_dmax
                0x00000000080049cc      0x238 ./Drivers/BSP/Components/vl53l0x/vl53l0x_api_core.o
                0x00000000080049cc                VL53L0X_calc_dmax
 .text.VL53L0X_calc_sigma_estimate
                0x0000000008004c04      0x498 ./Drivers/BSP/Components/vl53l0x/vl53l0x_api_core.o
                0x0000000008004c04                VL53L0X_calc_sigma_estimate
 .text.VL53L0X_get_pal_range_status
                0x000000000800509c      0x3b6 ./Drivers/BSP/Components/vl53l0x/vl53l0x_api_core.o
                0x000000000800509c                VL53L0X_get_pal_range_status
 *fill*         0x0000000008005452        0x2 
 .text.HAL_Init
                0x0000000008005454       0x2c ./Drivers/STM32F3xx_HAL_Driver/Src/stm32f3xx_hal.o
                0x0000000008005454                HAL_Init
 .text.HAL_InitTick
                0x0000000008005480       0x60 ./Drivers/STM32F3xx_HAL_Driver/Src/stm32f3xx_hal.o
                0x0000000008005480                HAL_InitTick
 .text.HAL_IncTick
                0x00000000080054e0       0x28 ./Drivers/STM32F3xx_HAL_Driver/Src/stm32f3xx_hal.o
                0x00000000080054e0                HAL_IncTick
 .text.HAL_GetTick
                0x0000000008005508       0x18 ./Drivers/STM32F3xx_HAL_Driver/Src/stm32f3xx_hal.o
                0x0000000008005508                HAL_GetTick
 .text.HAL_Delay
                0x0000000008005520       0x48 ./Drivers/STM32F3xx_HAL_Driver/Src/stm32f3xx_hal.o
                0x0000000008005520                HAL_Delay
 .text.__NVIC_SetPriorityGrouping
                0x0000000008005568       0x48 ./Drivers/STM32F3xx_HAL_Driver/Src/stm32f3xx_hal_cortex.o
 .text.__NVIC_GetPriorityGrouping
                0x00000000080055b0       0x1c ./Drivers/STM32F3xx_HAL_Driver/Src/stm32f3xx_hal_cortex.o
 .text.__NVIC_SetPriority
                0x00000000080055cc       0x54 ./Drivers/STM32F3xx_HAL_Driver/Src/stm32f3xx_hal_cortex.o
 .text.NVIC_EncodePriority
                0x0000000008005620       0x66 ./Drivers/STM32F3xx_HAL_Driver/Src/stm32f3xx_hal_cortex.o
 *fill*         0x0000000008005686        0x2 
 .text.SysTick_Config
                0x0000000008005688       0x44 ./Drivers/STM32F3xx_HAL_Driver/Src/stm32f3xx_hal_cortex.o
 .text.HAL_NVIC_SetPriorityGrouping
                0x00000000080056cc       0x16 ./Drivers/STM32F3xx_HAL_Driver/Src/stm32f3xx_hal_cortex.o
                0x00000000080056cc                HAL_NVIC_SetPriorityGrouping
 .text.HAL_NVIC_SetPriority
                0x00000000080056e2       0x38 ./Drivers/STM32F3xx_HAL_Driver/Src/stm32f3xx_hal_cortex.o
                0x00000000080056e2                HAL_NVIC_SetPriority
 .text.HAL_SYSTICK_Config
                0x000000000800571a       0x18 ./Drivers/STM32F3xx_HAL_Driver/Src/stm32f3xx_hal_cortex.o
                0x000000000800571a                HAL_SYSTICK_Config
 *fill*         0x0000000008005732        0x2 
 .text.HAL_GPIO_Init
                0x0000000008005734      0x2f4 ./Drivers/STM32F3xx_HAL_Driver/Src/stm32f3xx_hal_gpio.o
                0x0000000008005734                HAL_GPIO_Init
 .text.HAL_GPIO_WritePin
                0x0000000008005a28       0x30 ./Drivers/STM32F3xx_HAL_Driver/Src/stm32f3xx_hal_gpio.o
                0x0000000008005a28                HAL_GPIO_WritePin
 .text.HAL_I2C_Init
                0x0000000008005a58      0x11e ./Drivers/STM32F3xx_HAL_Driver/Src/stm32f3xx_hal_i2c.o
                0x0000000008005a58                HAL_I2C_Init
 *fill*         0x0000000008005b76        0x2 
 .text.HAL_I2C_Master_Transmit
                0x0000000008005b78      0x1e8 ./Drivers/STM32F3xx_HAL_Driver/Src/stm32f3xx_hal_i2c.o
                0x0000000008005b78                HAL_I2C_Master_Transmit
 .text.HAL_I2C_Master_Receive
                0x0000000008005d60      0x1ec ./Drivers/STM32F3xx_HAL_Driver/Src/stm32f3xx_hal_i2c.o
                0x0000000008005d60                HAL_I2C_Master_Receive
 .text.HAL_I2C_Mem_Read
                0x0000000008005f4c      0x234 ./Drivers/STM32F3xx_HAL_Driver/Src/stm32f3xx_hal_i2c.o
                0x0000000008005f4c                HAL_I2C_Mem_Read
 .text.I2C_RequestMemoryRead
                0x0000000008006180       0xa8 ./Drivers/STM32F3xx_HAL_Driver/Src/stm32f3xx_hal_i2c.o
 .text.I2C_Flush_TXDR
                0x0000000008006228       0x48 ./Drivers/STM32F3xx_HAL_Driver/Src/stm32f3xx_hal_i2c.o
 .text.I2C_WaitOnFlagUntilTimeout
                0x0000000008006270       0x80 ./Drivers/STM32F3xx_HAL_Driver/Src/stm32f3xx_hal_i2c.o
 .text.I2C_WaitOnTXISFlagUntilTimeout
                0x00000000080062f0       0x80 ./Drivers/STM32F3xx_HAL_Driver/Src/stm32f3xx_hal_i2c.o
 .text.I2C_WaitOnSTOPFlagUntilTimeout
                0x0000000008006370       0x78 ./Drivers/STM32F3xx_HAL_Driver/Src/stm32f3xx_hal_i2c.o
 .text.I2C_WaitOnRXNEFlagUntilTimeout
                0x00000000080063e8       0xd8 ./Drivers/STM32F3xx_HAL_Driver/Src/stm32f3xx_hal_i2c.o
 .text.I2C_IsAcknowledgeFailed
                0x00000000080064c0       0xec ./Drivers/STM32F3xx_HAL_Driver/Src/stm32f3xx_hal_i2c.o
 .text.I2C_TransferConfig
                0x00000000080065ac       0x5c ./Drivers/STM32F3xx_HAL_Driver/Src/stm32f3xx_hal_i2c.o
 .text.HAL_I2CEx_ConfigAnalogFilter
                0x0000000008006608       0x96 ./Drivers/STM32F3xx_HAL_Driver/Src/stm32f3xx_hal_i2c_ex.o
                0x0000000008006608                HAL_I2CEx_ConfigAnalogFilter
 .text.HAL_I2CEx_ConfigDigitalFilter
                0x000000000800669e       0x98 ./Drivers/STM32F3xx_HAL_Driver/Src/stm32f3xx_hal_i2c_ex.o
                0x000000000800669e                HAL_I2CEx_ConfigDigitalFilter
 *fill*         0x0000000008006736        0x2 
 .text.HAL_RCC_OscConfig
                0x0000000008006738     0x107c ./Drivers/STM32F3xx_HAL_Driver/Src/stm32f3xx_hal_rcc.o
                0x0000000008006738                HAL_RCC_OscConfig
 .text.HAL_RCC_ClockConfig
                0x00000000080077b4      0x2f8 ./Drivers/STM32F3xx_HAL_Driver/Src/stm32f3xx_hal_rcc.o
                0x00000000080077b4                HAL_RCC_ClockConfig
 .text.HAL_RCC_GetSysClockFreq
                0x0000000008007aac       0xd4 ./Drivers/STM32F3xx_HAL_Driver/Src/stm32f3xx_hal_rcc.o
                0x0000000008007aac                HAL_RCC_GetSysClockFreq
 .text.HAL_RCCEx_PeriphCLKConfig
                0x0000000008007b80      0x360 ./Drivers/STM32F3xx_HAL_Driver/Src/stm32f3xx_hal_rcc_ex.o
                0x0000000008007b80                HAL_RCCEx_PeriphCLKConfig
 .text.__errno  0x0000000008007ee0        0xc /Applications/STM32CubeIDE.app/Contents/Eclipse/plugins/com.st.stm32cube.ide.mcu.externaltools.gnu-tools-for-stm32.10.3-2021.10.macos64_1.0.0.202111181127/tools/bin/../lib/gcc/arm-none-eabi/10.3.1/../../../../arm-none-eabi/lib/thumb/v7e-m+fp/hard/libc_nano.a(lib_a-errno.o)
                0x0000000008007ee0                __errno
 .text.__libc_init_array
                0x0000000008007eec       0x48 /Applications/STM32CubeIDE.app/Contents/Eclipse/plugins/com.st.stm32cube.ide.mcu.externaltools.gnu-tools-for-stm32.10.3-2021.10.macos64_1.0.0.202111181127/tools/bin/../lib/gcc/arm-none-eabi/10.3.1/../../../../arm-none-eabi/lib/thumb/v7e-m+fp/hard/libc_nano.a(lib_a-init.o)
                0x0000000008007eec                __libc_init_array
 .text.memcpy   0x0000000008007f34       0x1c /Applications/STM32CubeIDE.app/Contents/Eclipse/plugins/com.st.stm32cube.ide.mcu.externaltools.gnu-tools-for-stm32.10.3-2021.10.macos64_1.0.0.202111181127/tools/bin/../lib/gcc/arm-none-eabi/10.3.1/../../../../arm-none-eabi/lib/thumb/v7e-m+fp/hard/libc_nano.a(lib_a-memcpy-stub.o)
                0x0000000008007f34                memcpy
 .text.memset   0x0000000008007f50       0x10 /Applications/STM32CubeIDE.app/Contents/Eclipse/plugins/com.st.stm32cube.ide.mcu.externaltools.gnu-tools-for-stm32.10.3-2021.10.macos64_1.0.0.202111181127/tools/bin/../lib/gcc/arm-none-eabi/10.3.1/../../../../arm-none-eabi/lib/thumb/v7e-m+fp/hard/libc_nano.a(lib_a-memset.o)
                0x0000000008007f50                memset
 .text.printf   0x0000000008007f60       0x30 /Applications/STM32CubeIDE.app/Contents/Eclipse/plugins/com.st.stm32cube.ide.mcu.externaltools.gnu-tools-for-stm32.10.3-2021.10.macos64_1.0.0.202111181127/tools/bin/../lib/gcc/arm-none-eabi/10.3.1/../../../../arm-none-eabi/lib/thumb/v7e-m+fp/hard/libc_nano.a(lib_a-printf.o)
                0x0000000008007f60                printf
                0x0000000008007f60                iprintf
 .text._puts_r  0x0000000008007f90       0xdc /Applications/STM32CubeIDE.app/Contents/Eclipse/plugins/com.st.stm32cube.ide.mcu.externaltools.gnu-tools-for-stm32.10.3-2021.10.macos64_1.0.0.202111181127/tools/bin/../lib/gcc/arm-none-eabi/10.3.1/../../../../arm-none-eabi/lib/thumb/v7e-m+fp/hard/libc_nano.a(lib_a-puts.o)
                0x0000000008007f90                _puts_r
 .text.puts     0x000000000800806c       0x10 /Applications/STM32CubeIDE.app/Contents/Eclipse/plugins/com.st.stm32cube.ide.mcu.externaltools.gnu-tools-for-stm32.10.3-2021.10.macos64_1.0.0.202111181127/tools/bin/../lib/gcc/arm-none-eabi/10.3.1/../../../../arm-none-eabi/lib/thumb/v7e-m+fp/hard/libc_nano.a(lib_a-puts.o)
                0x000000000800806c                puts
 .text.strcpy   0x000000000800807c       0x10 /Applications/STM32CubeIDE.app/Contents/Eclipse/plugins/com.st.stm32cube.ide.mcu.externaltools.gnu-tools-for-stm32.10.3-2021.10.macos64_1.0.0.202111181127/tools/bin/../lib/gcc/arm-none-eabi/10.3.1/../../../../arm-none-eabi/lib/thumb/v7e-m+fp/hard/libc_nano.a(lib_a-strcpy.o)
                0x000000000800807c                strcpy
 .text.__swbuf_r
                0x000000000800808c       0xa4 /Applications/STM32CubeIDE.app/Contents/Eclipse/plugins/com.st.stm32cube.ide.mcu.externaltools.gnu-tools-for-stm32.10.3-2021.10.macos64_1.0.0.202111181127/tools/bin/../lib/gcc/arm-none-eabi/10.3.1/../../../../arm-none-eabi/lib/thumb/v7e-m+fp/hard/libc_nano.a(lib_a-wbuf.o)
                0x000000000800808c                __swbuf_r
 .text.__swsetup_r
                0x0000000008008130       0xdc /Applications/STM32CubeIDE.app/Contents/Eclipse/plugins/com.st.stm32cube.ide.mcu.externaltools.gnu-tools-for-stm32.10.3-2021.10.macos64_1.0.0.202111181127/tools/bin/../lib/gcc/arm-none-eabi/10.3.1/../../../../arm-none-eabi/lib/thumb/v7e-m+fp/hard/libc_nano.a(lib_a-wsetup.o)
                0x0000000008008130                __swsetup_r
 .text.__sflush_r
                0x000000000800820c      0x10c /Applications/STM32CubeIDE.app/Contents/Eclipse/plugins/com.st.stm32cube.ide.mcu.externaltools.gnu-tools-for-stm32.10.3-2021.10.macos64_1.0.0.202111181127/tools/bin/../lib/gcc/arm-none-eabi/10.3.1/../../../../arm-none-eabi/lib/thumb/v7e-m+fp/hard/libc_nano.a(lib_a-fflush.o)
                0x000000000800820c                __sflush_r
 .text._fflush_r
                0x0000000008008318       0x78 /Applications/STM32CubeIDE.app/Contents/Eclipse/plugins/com.st.stm32cube.ide.mcu.externaltools.gnu-tools-for-stm32.10.3-2021.10.macos64_1.0.0.202111181127/tools/bin/../lib/gcc/arm-none-eabi/10.3.1/../../../../arm-none-eabi/lib/thumb/v7e-m+fp/hard/libc_nano.a(lib_a-fflush.o)
                0x0000000008008318                _fflush_r
 .text.std      0x0000000008008390       0x48 /Applications/STM32CubeIDE.app/Contents/Eclipse/plugins/com.st.stm32cube.ide.mcu.externaltools.gnu-tools-for-stm32.10.3-2021.10.macos64_1.0.0.202111181127/tools/bin/../lib/gcc/arm-none-eabi/10.3.1/../../../../arm-none-eabi/lib/thumb/v7e-m+fp/hard/libc_nano.a(lib_a-findfp.o)
 .text._cleanup_r
                0x00000000080083d8        0xc /Applications/STM32CubeIDE.app/Contents/Eclipse/plugins/com.st.stm32cube.ide.mcu.externaltools.gnu-tools-for-stm32.10.3-2021.10.macos64_1.0.0.202111181127/tools/bin/../lib/gcc/arm-none-eabi/10.3.1/../../../../arm-none-eabi/lib/thumb/v7e-m+fp/hard/libc_nano.a(lib_a-findfp.o)
                0x00000000080083d8                _cleanup_r
 .text.__sfmoreglue
                0x00000000080083e4       0x2c /Applications/STM32CubeIDE.app/Contents/Eclipse/plugins/com.st.stm32cube.ide.mcu.externaltools.gnu-tools-for-stm32.10.3-2021.10.macos64_1.0.0.202111181127/tools/bin/../lib/gcc/arm-none-eabi/10.3.1/../../../../arm-none-eabi/lib/thumb/v7e-m+fp/hard/libc_nano.a(lib_a-findfp.o)
                0x00000000080083e4                __sfmoreglue
 .text.__sfp_lock_acquire
                0x0000000008008410        0xc /Applications/STM32CubeIDE.app/Contents/Eclipse/plugins/com.st.stm32cube.ide.mcu.externaltools.gnu-tools-for-stm32.10.3-2021.10.macos64_1.0.0.202111181127/tools/bin/../lib/gcc/arm-none-eabi/10.3.1/../../../../arm-none-eabi/lib/thumb/v7e-m+fp/hard/libc_nano.a(lib_a-findfp.o)
                0x0000000008008410                __sfp_lock_acquire
 .text.__sfp_lock_release
                0x000000000800841c        0xc /Applications/STM32CubeIDE.app/Contents/Eclipse/plugins/com.st.stm32cube.ide.mcu.externaltools.gnu-tools-for-stm32.10.3-2021.10.macos64_1.0.0.202111181127/tools/bin/../lib/gcc/arm-none-eabi/10.3.1/../../../../arm-none-eabi/lib/thumb/v7e-m+fp/hard/libc_nano.a(lib_a-findfp.o)
                0x000000000800841c                __sfp_lock_release
 .text.__sinit_lock_acquire
                0x0000000008008428        0xc /Applications/STM32CubeIDE.app/Contents/Eclipse/plugins/com.st.stm32cube.ide.mcu.externaltools.gnu-tools-for-stm32.10.3-2021.10.macos64_1.0.0.202111181127/tools/bin/../lib/gcc/arm-none-eabi/10.3.1/../../../../arm-none-eabi/lib/thumb/v7e-m+fp/hard/libc_nano.a(lib_a-findfp.o)
                0x0000000008008428                __sinit_lock_acquire
 .text.__sinit_lock_release
                0x0000000008008434        0xc /Applications/STM32CubeIDE.app/Contents/Eclipse/plugins/com.st.stm32cube.ide.mcu.externaltools.gnu-tools-for-stm32.10.3-2021.10.macos64_1.0.0.202111181127/tools/bin/../lib/gcc/arm-none-eabi/10.3.1/../../../../arm-none-eabi/lib/thumb/v7e-m+fp/hard/libc_nano.a(lib_a-findfp.o)
                0x0000000008008434                __sinit_lock_release
 .text.__sinit  0x0000000008008440       0x70 /Applications/STM32CubeIDE.app/Contents/Eclipse/plugins/com.st.stm32cube.ide.mcu.externaltools.gnu-tools-for-stm32.10.3-2021.10.macos64_1.0.0.202111181127/tools/bin/../lib/gcc/arm-none-eabi/10.3.1/../../../../arm-none-eabi/lib/thumb/v7e-m+fp/hard/libc_nano.a(lib_a-findfp.o)
                0x0000000008008440                __sinit
 .text.__sfp    0x00000000080084b0       0x8c /Applications/STM32CubeIDE.app/Contents/Eclipse/plugins/com.st.stm32cube.ide.mcu.externaltools.gnu-tools-for-stm32.10.3-2021.10.macos64_1.0.0.202111181127/tools/bin/../lib/gcc/arm-none-eabi/10.3.1/../../../../arm-none-eabi/lib/thumb/v7e-m+fp/hard/libc_nano.a(lib_a-findfp.o)
                0x00000000080084b0                __sfp
 .text._fwalk_reent
                0x000000000800853c       0x3e /Applications/STM32CubeIDE.app/Contents/Eclipse/plugins/com.st.stm32cube.ide.mcu.externaltools.gnu-tools-for-stm32.10.3-2021.10.macos64_1.0.0.202111181127/tools/bin/../lib/gcc/arm-none-eabi/10.3.1/../../../../arm-none-eabi/lib/thumb/v7e-m+fp/hard/libc_nano.a(lib_a-fwalk.o)
                0x000000000800853c                _fwalk_reent
 .text.__retarget_lock_init_recursive
                0x000000000800857a        0x2 /Applications/STM32CubeIDE.app/Contents/Eclipse/plugins/com.st.stm32cube.ide.mcu.externaltools.gnu-tools-for-stm32.10.3-2021.10.macos64_1.0.0.202111181127/tools/bin/../lib/gcc/arm-none-eabi/10.3.1/../../../../arm-none-eabi/lib/thumb/v7e-m+fp/hard/libc_nano.a(lib_a-lock.o)
                0x000000000800857a                __retarget_lock_init_recursive
 .text.__retarget_lock_acquire_recursive
                0x000000000800857c        0x2 /Applications/STM32CubeIDE.app/Contents/Eclipse/plugins/com.st.stm32cube.ide.mcu.externaltools.gnu-tools-for-stm32.10.3-2021.10.macos64_1.0.0.202111181127/tools/bin/../lib/gcc/arm-none-eabi/10.3.1/../../../../arm-none-eabi/lib/thumb/v7e-m+fp/hard/libc_nano.a(lib_a-lock.o)
                0x000000000800857c                __retarget_lock_acquire_recursive
 .text.__retarget_lock_release_recursive
                0x000000000800857e        0x2 /Applications/STM32CubeIDE.app/Contents/Eclipse/plugins/com.st.stm32cube.ide.mcu.externaltools.gnu-tools-for-stm32.10.3-2021.10.macos64_1.0.0.202111181127/tools/bin/../lib/gcc/arm-none-eabi/10.3.1/../../../../arm-none-eabi/lib/thumb/v7e-m+fp/hard/libc_nano.a(lib_a-lock.o)
                0x000000000800857e                __retarget_lock_release_recursive
 .text.__swhatbuf_r
                0x0000000008008580       0x4a /Applications/STM32CubeIDE.app/Contents/Eclipse/plugins/com.st.stm32cube.ide.mcu.externaltools.gnu-tools-for-stm32.10.3-2021.10.macos64_1.0.0.202111181127/tools/bin/../lib/gcc/arm-none-eabi/10.3.1/../../../../arm-none-eabi/lib/thumb/v7e-m+fp/hard/libc_nano.a(lib_a-makebuf.o)
                0x0000000008008580                __swhatbuf_r
 *fill*         0x00000000080085ca        0x2 
 .text.__smakebuf_r
                0x00000000080085cc       0x80 /Applications/STM32CubeIDE.app/Contents/Eclipse/plugins/com.st.stm32cube.ide.mcu.externaltools.gnu-tools-for-stm32.10.3-2021.10.macos64_1.0.0.202111181127/tools/bin/../lib/gcc/arm-none-eabi/10.3.1/../../../../arm-none-eabi/lib/thumb/v7e-m+fp/hard/libc_nano.a(lib_a-makebuf.o)
                0x00000000080085cc                __smakebuf_r
 .text._free_r  0x000000000800864c       0x98 /Applications/STM32CubeIDE.app/Contents/Eclipse/plugins/com.st.stm32cube.ide.mcu.externaltools.gnu-tools-for-stm32.10.3-2021.10.macos64_1.0.0.202111181127/tools/bin/../lib/gcc/arm-none-eabi/10.3.1/../../../../arm-none-eabi/lib/thumb/v7e-m+fp/hard/libc_nano.a(lib_a-nano-freer.o)
                0x000000000800864c                _free_r
 .text.sbrk_aligned
                0x00000000080086e4       0x40 /Applications/STM32CubeIDE.app/Contents/Eclipse/plugins/com.st.stm32cube.ide.mcu.externaltools.gnu-tools-for-stm32.10.3-2021.10.macos64_1.0.0.202111181127/tools/bin/../lib/gcc/arm-none-eabi/10.3.1/../../../../arm-none-eabi/lib/thumb/v7e-m+fp/hard/libc_nano.a(lib_a-nano-mallocr.o)
 .text._malloc_r
                0x0000000008008724       0xe8 /Applications/STM32CubeIDE.app/Contents/Eclipse/plugins/com.st.stm32cube.ide.mcu.externaltools.gnu-tools-for-stm32.10.3-2021.10.macos64_1.0.0.202111181127/tools/bin/../lib/gcc/arm-none-eabi/10.3.1/../../../../arm-none-eabi/lib/thumb/v7e-m+fp/hard/libc_nano.a(lib_a-nano-mallocr.o)
                0x0000000008008724                _malloc_r
 .text.__sfputc_r
                0x000000000800880c       0x2e /Applications/STM32CubeIDE.app/Contents/Eclipse/plugins/com.st.stm32cube.ide.mcu.externaltools.gnu-tools-for-stm32.10.3-2021.10.macos64_1.0.0.202111181127/tools/bin/../lib/gcc/arm-none-eabi/10.3.1/../../../../arm-none-eabi/lib/thumb/v7e-m+fp/hard/libc_nano.a(lib_a-nano-vfprintf.o)
 .text.__sfputs_r
                0x000000000800883a       0x24 /Applications/STM32CubeIDE.app/Contents/Eclipse/plugins/com.st.stm32cube.ide.mcu.externaltools.gnu-tools-for-stm32.10.3-2021.10.macos64_1.0.0.202111181127/tools/bin/../lib/gcc/arm-none-eabi/10.3.1/../../../../arm-none-eabi/lib/thumb/v7e-m+fp/hard/libc_nano.a(lib_a-nano-vfprintf.o)
                0x000000000800883a                __sfputs_r
 *fill*         0x000000000800885e        0x2 
 .text._vfprintf_r
                0x0000000008008860      0x260 /Applications/STM32CubeIDE.app/Contents/Eclipse/plugins/com.st.stm32cube.ide.mcu.externaltools.gnu-tools-for-stm32.10.3-2021.10.macos64_1.0.0.202111181127/tools/bin/../lib/gcc/arm-none-eabi/10.3.1/../../../../arm-none-eabi/lib/thumb/v7e-m+fp/hard/libc_nano.a(lib_a-nano-vfprintf.o)
                0x0000000008008860                _vfiprintf_r
                0x0000000008008860                _vfprintf_r
 .text._printf_common
                0x0000000008008ac0       0xda /Applications/STM32CubeIDE.app/Contents/Eclipse/plugins/com.st.stm32cube.ide.mcu.externaltools.gnu-tools-for-stm32.10.3-2021.10.macos64_1.0.0.202111181127/tools/bin/../lib/gcc/arm-none-eabi/10.3.1/../../../../arm-none-eabi/lib/thumb/v7e-m+fp/hard/libc_nano.a(lib_a-nano-vfprintf_i.o)
                0x0000000008008ac0                _printf_common
 *fill*         0x0000000008008b9a        0x2 
 .text._printf_i
                0x0000000008008b9c      0x24c /Applications/STM32CubeIDE.app/Contents/Eclipse/plugins/com.st.stm32cube.ide.mcu.externaltools.gnu-tools-for-stm32.10.3-2021.10.macos64_1.0.0.202111181127/tools/bin/../lib/gcc/arm-none-eabi/10.3.1/../../../../arm-none-eabi/lib/thumb/v7e-m+fp/hard/libc_nano.a(lib_a-nano-vfprintf_i.o)
                0x0000000008008b9c                _printf_i
 .text._sbrk_r  0x0000000008008de8       0x20 /Applications/STM32CubeIDE.app/Contents/Eclipse/plugins/com.st.stm32cube.ide.mcu.externaltools.gnu-tools-for-stm32.10.3-2021.10.macos64_1.0.0.202111181127/tools/bin/../lib/gcc/arm-none-eabi/10.3.1/../../../../arm-none-eabi/lib/thumb/v7e-m+fp/hard/libc_nano.a(lib_a-sbrkr.o)
                0x0000000008008de8                _sbrk_r
 .text.__sread  0x0000000008008e08       0x22 /Applications/STM32CubeIDE.app/Contents/Eclipse/plugins/com.st.stm32cube.ide.mcu.externaltools.gnu-tools-for-stm32.10.3-2021.10.macos64_1.0.0.202111181127/tools/bin/../lib/gcc/arm-none-eabi/10.3.1/../../../../arm-none-eabi/lib/thumb/v7e-m+fp/hard/libc_nano.a(lib_a-stdio.o)
                0x0000000008008e08                __sread
 .text.__swrite
                0x0000000008008e2a       0x38 /Applications/STM32CubeIDE.app/Contents/Eclipse/plugins/com.st.stm32cube.ide.mcu.externaltools.gnu-tools-for-stm32.10.3-2021.10.macos64_1.0.0.202111181127/tools/bin/../lib/gcc/arm-none-eabi/10.3.1/../../../../arm-none-eabi/lib/thumb/v7e-m+fp/hard/libc_nano.a(lib_a-stdio.o)
                0x0000000008008e2a                __swrite
 .text.__sseek  0x0000000008008e62       0x24 /Applications/STM32CubeIDE.app/Contents/Eclipse/plugins/com.st.stm32cube.ide.mcu.externaltools.gnu-tools-for-stm32.10.3-2021.10.macos64_1.0.0.202111181127/tools/bin/../lib/gcc/arm-none-eabi/10.3.1/../../../../arm-none-eabi/lib/thumb/v7e-m+fp/hard/libc_nano.a(lib_a-stdio.o)
                0x0000000008008e62                __sseek
 .text.__sclose
                0x0000000008008e86        0x8 /Applications/STM32CubeIDE.app/Contents/Eclipse/plugins/com.st.stm32cube.ide.mcu.externaltools.gnu-tools-for-stm32.10.3-2021.10.macos64_1.0.0.202111181127/tools/bin/../lib/gcc/arm-none-eabi/10.3.1/../../../../arm-none-eabi/lib/thumb/v7e-m+fp/hard/libc_nano.a(lib_a-stdio.o)
                0x0000000008008e86                __sclose
 *fill*         0x0000000008008e8e        0x2 
 .text._write_r
                0x0000000008008e90       0x24 /Applications/STM32CubeIDE.app/Contents/Eclipse/plugins/com.st.stm32cube.ide.mcu.externaltools.gnu-tools-for-stm32.10.3-2021.10.macos64_1.0.0.202111181127/tools/bin/../lib/gcc/arm-none-eabi/10.3.1/../../../../arm-none-eabi/lib/thumb/v7e-m+fp/hard/libc_nano.a(lib_a-writer.o)
                0x0000000008008e90                _write_r
 .text._close_r
                0x0000000008008eb4       0x20 /Applications/STM32CubeIDE.app/Contents/Eclipse/plugins/com.st.stm32cube.ide.mcu.externaltools.gnu-tools-for-stm32.10.3-2021.10.macos64_1.0.0.202111181127/tools/bin/../lib/gcc/arm-none-eabi/10.3.1/../../../../arm-none-eabi/lib/thumb/v7e-m+fp/hard/libc_nano.a(lib_a-closer.o)
                0x0000000008008eb4                _close_r
 .text._fstat_r
                0x0000000008008ed4       0x24 /Applications/STM32CubeIDE.app/Contents/Eclipse/plugins/com.st.stm32cube.ide.mcu.externaltools.gnu-tools-for-stm32.10.3-2021.10.macos64_1.0.0.202111181127/tools/bin/../lib/gcc/arm-none-eabi/10.3.1/../../../../arm-none-eabi/lib/thumb/v7e-m+fp/hard/libc_nano.a(lib_a-fstatr.o)
                0x0000000008008ed4                _fstat_r
 .text._isatty_r
                0x0000000008008ef8       0x20 /Applications/STM32CubeIDE.app/Contents/Eclipse/plugins/com.st.stm32cube.ide.mcu.externaltools.gnu-tools-for-stm32.10.3-2021.10.macos64_1.0.0.202111181127/tools/bin/../lib/gcc/arm-none-eabi/10.3.1/../../../../arm-none-eabi/lib/thumb/v7e-m+fp/hard/libc_nano.a(lib_a-isattyr.o)
                0x0000000008008ef8                _isatty_r
 .text._lseek_r
                0x0000000008008f18       0x24 /Applications/STM32CubeIDE.app/Contents/Eclipse/plugins/com.st.stm32cube.ide.mcu.externaltools.gnu-tools-for-stm32.10.3-2021.10.macos64_1.0.0.202111181127/tools/bin/../lib/gcc/arm-none-eabi/10.3.1/../../../../arm-none-eabi/lib/thumb/v7e-m+fp/hard/libc_nano.a(lib_a-lseekr.o)
                0x0000000008008f18                _lseek_r
 .text.__malloc_lock
                0x0000000008008f3c        0xc /Applications/STM32CubeIDE.app/Contents/Eclipse/plugins/com.st.stm32cube.ide.mcu.externaltools.gnu-tools-for-stm32.10.3-2021.10.macos64_1.0.0.202111181127/tools/bin/../lib/gcc/arm-none-eabi/10.3.1/../../../../arm-none-eabi/lib/thumb/v7e-m+fp/hard/libc_nano.a(lib_a-mlock.o)
                0x0000000008008f3c                __malloc_lock
 .text.__malloc_unlock
                0x0000000008008f48        0xc /Applications/STM32CubeIDE.app/Contents/Eclipse/plugins/com.st.stm32cube.ide.mcu.externaltools.gnu-tools-for-stm32.10.3-2021.10.macos64_1.0.0.202111181127/tools/bin/../lib/gcc/arm-none-eabi/10.3.1/../../../../arm-none-eabi/lib/thumb/v7e-m+fp/hard/libc_nano.a(lib_a-mlock.o)
                0x0000000008008f48                __malloc_unlock
 .text._read_r  0x0000000008008f54       0x24 /Applications/STM32CubeIDE.app/Contents/Eclipse/plugins/com.st.stm32cube.ide.mcu.externaltools.gnu-tools-for-stm32.10.3-2021.10.macos64_1.0.0.202111181127/tools/bin/../lib/gcc/arm-none-eabi/10.3.1/../../../../arm-none-eabi/lib/thumb/v7e-m+fp/hard/libc_nano.a(lib_a-readr.o)
                0x0000000008008f54                _read_r
 *(.glue_7)
 .glue_7        0x0000000008008f78        0x0 linker stubs
 *(.glue_7t)
 .glue_7t       0x0000000008008f78        0x0 linker stubs
 *(.eh_frame)
 .eh_frame      0x0000000008008f78        0x0 /Applications/STM32CubeIDE.app/Contents/Eclipse/plugins/com.st.stm32cube.ide.mcu.externaltools.gnu-tools-for-stm32.10.3-2021.10.macos64_1.0.0.202111181127/tools/bin/../lib/gcc/arm-none-eabi/10.3.1/thumb/v7e-m+fp/hard/crtbegin.o
 *(.init)
 .init          0x0000000008008f78        0x4 /Applications/STM32CubeIDE.app/Contents/Eclipse/plugins/com.st.stm32cube.ide.mcu.externaltools.gnu-tools-for-stm32.10.3-2021.10.macos64_1.0.0.202111181127/tools/bin/../lib/gcc/arm-none-eabi/10.3.1/thumb/v7e-m+fp/hard/crti.o
                0x0000000008008f78                _init
 .init          0x0000000008008f7c        0x8 /Applications/STM32CubeIDE.app/Contents/Eclipse/plugins/com.st.stm32cube.ide.mcu.externaltools.gnu-tools-for-stm32.10.3-2021.10.macos64_1.0.0.202111181127/tools/bin/../lib/gcc/arm-none-eabi/10.3.1/thumb/v7e-m+fp/hard/crtn.o
 *(.fini)
 .fini          0x0000000008008f84        0x4 /Applications/STM32CubeIDE.app/Contents/Eclipse/plugins/com.st.stm32cube.ide.mcu.externaltools.gnu-tools-for-stm32.10.3-2021.10.macos64_1.0.0.202111181127/tools/bin/../lib/gcc/arm-none-eabi/10.3.1/thumb/v7e-m+fp/hard/crti.o
                0x0000000008008f84                _fini
 .fini          0x0000000008008f88        0x8 /Applications/STM32CubeIDE.app/Contents/Eclipse/plugins/com.st.stm32cube.ide.mcu.externaltools.gnu-tools-for-stm32.10.3-2021.10.macos64_1.0.0.202111181127/tools/bin/../lib/gcc/arm-none-eabi/10.3.1/thumb/v7e-m+fp/hard/crtn.o
                0x0000000008008f90                . = ALIGN (0x4)
                0x0000000008008f90                _etext = .

.vfp11_veneer   0x0000000008008f90        0x0
 .vfp11_veneer  0x0000000008008f90        0x0 linker stubs

.v4_bx          0x0000000008008f90        0x0
 .v4_bx         0x0000000008008f90        0x0 linker stubs

.iplt           0x0000000008008f90        0x0
 .iplt          0x0000000008008f90        0x0 /Applications/STM32CubeIDE.app/Contents/Eclipse/plugins/com.st.stm32cube.ide.mcu.externaltools.gnu-tools-for-stm32.10.3-2021.10.macos64_1.0.0.202111181127/tools/bin/../lib/gcc/arm-none-eabi/10.3.1/thumb/v7e-m+fp/hard/crtbegin.o

.rodata         0x0000000008008f90      0x1b8
                0x0000000008008f90                . = ALIGN (0x4)
 *(.rodata)
 .rodata        0x0000000008008f90       0xee ./Core/Src/main.o
 *(.rodata*)
 *fill*         0x000000000800907e        0x2 
 .rodata.AHBPrescTable
                0x0000000008009080       0x10 ./Core/Src/system_stm32f3xx.o
                0x0000000008009080                AHBPrescTable
 .rodata.aPLLMULFactorTable
                0x0000000008009090       0x10 ./Drivers/STM32F3xx_HAL_Driver/Src/stm32f3xx_hal_rcc.o
                0x0000000008009090                aPLLMULFactorTable
 .rodata.aPredivFactorTable
                0x00000000080090a0       0x10 ./Drivers/STM32F3xx_HAL_Driver/Src/stm32f3xx_hal_rcc.o
                0x00000000080090a0                aPredivFactorTable
 .rodata._global_impure_ptr
                0x00000000080090b0        0x4 /Applications/STM32CubeIDE.app/Contents/Eclipse/plugins/com.st.stm32cube.ide.mcu.externaltools.gnu-tools-for-stm32.10.3-2021.10.macos64_1.0.0.202111181127/tools/bin/../lib/gcc/arm-none-eabi/10.3.1/../../../../arm-none-eabi/lib/thumb/v7e-m+fp/hard/libc_nano.a(lib_a-impure.o)
                0x00000000080090b0                _global_impure_ptr
 .rodata.__sf_fake_stderr
                0x00000000080090b4       0x20 /Applications/STM32CubeIDE.app/Contents/Eclipse/plugins/com.st.stm32cube.ide.mcu.externaltools.gnu-tools-for-stm32.10.3-2021.10.macos64_1.0.0.202111181127/tools/bin/../lib/gcc/arm-none-eabi/10.3.1/../../../../arm-none-eabi/lib/thumb/v7e-m+fp/hard/libc_nano.a(lib_a-findfp.o)
                0x00000000080090b4                __sf_fake_stderr
 .rodata.__sf_fake_stdin
                0x00000000080090d4       0x20 /Applications/STM32CubeIDE.app/Contents/Eclipse/plugins/com.st.stm32cube.ide.mcu.externaltools.gnu-tools-for-stm32.10.3-2021.10.macos64_1.0.0.202111181127/tools/bin/../lib/gcc/arm-none-eabi/10.3.1/../../../../arm-none-eabi/lib/thumb/v7e-m+fp/hard/libc_nano.a(lib_a-findfp.o)
                0x00000000080090d4                __sf_fake_stdin
 .rodata.__sf_fake_stdout
                0x00000000080090f4       0x20 /Applications/STM32CubeIDE.app/Contents/Eclipse/plugins/com.st.stm32cube.ide.mcu.externaltools.gnu-tools-for-stm32.10.3-2021.10.macos64_1.0.0.202111181127/tools/bin/../lib/gcc/arm-none-eabi/10.3.1/../../../../arm-none-eabi/lib/thumb/v7e-m+fp/hard/libc_nano.a(lib_a-findfp.o)
                0x00000000080090f4                __sf_fake_stdout
 .rodata._vfprintf_r.str1.1
                0x0000000008009114       0x11 /Applications/STM32CubeIDE.app/Contents/Eclipse/plugins/com.st.stm32cube.ide.mcu.externaltools.gnu-tools-for-stm32.10.3-2021.10.macos64_1.0.0.202111181127/tools/bin/../lib/gcc/arm-none-eabi/10.3.1/../../../../arm-none-eabi/lib/thumb/v7e-m+fp/hard/libc_nano.a(lib_a-nano-vfprintf.o)
 .rodata._printf_i.str1.1
                0x0000000008009125       0x22 /Applications/STM32CubeIDE.app/Contents/Eclipse/plugins/com.st.stm32cube.ide.mcu.externaltools.gnu-tools-for-stm32.10.3-2021.10.macos64_1.0.0.202111181127/tools/bin/../lib/gcc/arm-none-eabi/10.3.1/../../../../arm-none-eabi/lib/thumb/v7e-m+fp/hard/libc_nano.a(lib_a-nano-vfprintf_i.o)
                0x0000000008009148                . = ALIGN (0x4)
 *fill*         0x0000000008009147        0x1 

.rel.dyn        0x0000000008009148        0x0
 .rel.iplt      0x0000000008009148        0x0 /Applications/STM32CubeIDE.app/Contents/Eclipse/plugins/com.st.stm32cube.ide.mcu.externaltools.gnu-tools-for-stm32.10.3-2021.10.macos64_1.0.0.202111181127/tools/bin/../lib/gcc/arm-none-eabi/10.3.1/thumb/v7e-m+fp/hard/crtbegin.o

.ARM.extab      0x0000000008009148        0x0
                0x0000000008009148                . = ALIGN (0x4)
 *(.ARM.extab* .gnu.linkonce.armextab.*)
                0x0000000008009148                . = ALIGN (0x4)

.ARM            0x0000000008009148        0x0
                0x0000000008009148                . = ALIGN (0x4)
                0x0000000008009148                __exidx_start = .
 *(.ARM.exidx*)
                0x0000000008009148                __exidx_end = .
                0x0000000008009148                . = ALIGN (0x4)

.preinit_array  0x0000000008009148        0x0
                0x0000000008009148                . = ALIGN (0x4)
                0x0000000008009148                PROVIDE (__preinit_array_start = .)
 *(.preinit_array*)
                0x0000000008009148                PROVIDE (__preinit_array_end = .)
                0x0000000008009148                . = ALIGN (0x4)

.init_array     0x0000000008009148        0x4
                0x0000000008009148                . = ALIGN (0x4)
                0x0000000008009148                PROVIDE (__init_array_start = .)
 *(SORT_BY_NAME(.init_array.*))
 *(.init_array*)
 .init_array    0x0000000008009148        0x4 /Applications/STM32CubeIDE.app/Contents/Eclipse/plugins/com.st.stm32cube.ide.mcu.externaltools.gnu-tools-for-stm32.10.3-2021.10.macos64_1.0.0.202111181127/tools/bin/../lib/gcc/arm-none-eabi/10.3.1/thumb/v7e-m+fp/hard/crtbegin.o
                0x000000000800914c                PROVIDE (__init_array_end = .)
                0x000000000800914c                . = ALIGN (0x4)

.fini_array     0x000000000800914c        0x4
                0x000000000800914c                . = ALIGN (0x4)
                [!provide]                        PROVIDE (__fini_array_start = .)
 *(SORT_BY_NAME(.fini_array.*))
 *(.fini_array*)
 .fini_array    0x000000000800914c        0x4 /Applications/STM32CubeIDE.app/Contents/Eclipse/plugins/com.st.stm32cube.ide.mcu.externaltools.gnu-tools-for-stm32.10.3-2021.10.macos64_1.0.0.202111181127/tools/bin/../lib/gcc/arm-none-eabi/10.3.1/thumb/v7e-m+fp/hard/crtbegin.o
                [!provide]                        PROVIDE (__fini_array_end = .)
                0x0000000008009150                . = ALIGN (0x4)
                0x0000000008009150                _sidata = LOADADDR (.data)

.data           0x0000000020000000      0x4bc load address 0x0000000008009150
                0x0000000020000000                . = ALIGN (0x4)
                0x0000000020000000                _sdata = .
 *(.data)
 *(.data*)
 .data.VL53L0XDev
                0x0000000020000000      0x190 ./Core/Src/main.o
                0x0000000020000000                VL53L0XDev
 .data.SystemCoreClock
                0x0000000020000190        0x4 ./Core/Src/system_stm32f3xx.o
                0x0000000020000190                SystemCoreClock
 .data.DefaultTuningSettings
                0x0000000020000194       0xf3 ./Drivers/BSP/Components/vl53l0x/vl53l0x_api.o
                0x0000000020000194                DefaultTuningSettings
 *fill*         0x0000000020000287        0x1 
 .data.InterruptThresholdSettings
                0x0000000020000288      0x1b6 ./Drivers/BSP/Components/vl53l0x/vl53l0x_api.o
                0x0000000020000288                InterruptThresholdSettings
 *fill*         0x000000002000043e        0x2 
 .data.refArrayQuadrants
                0x0000000020000440       0x10 ./Drivers/BSP/Components/vl53l0x/vl53l0x_api_calibration.o
                0x0000000020000440                refArrayQuadrants
 .data.uwTickPrio
                0x0000000020000450        0x4 ./Drivers/STM32F3xx_HAL_Driver/Src/stm32f3xx_hal.o
                0x0000000020000450                uwTickPrio
 .data.uwTickFreq
                0x0000000020000454        0x1 ./Drivers/STM32F3xx_HAL_Driver/Src/stm32f3xx_hal.o
                0x0000000020000454                uwTickFreq
 *fill*         0x0000000020000455        0x3 
 .data._impure_ptr
                0x0000000020000458        0x4 /Applications/STM32CubeIDE.app/Contents/Eclipse/plugins/com.st.stm32cube.ide.mcu.externaltools.gnu-tools-for-stm32.10.3-2021.10.macos64_1.0.0.202111181127/tools/bin/../lib/gcc/arm-none-eabi/10.3.1/../../../../arm-none-eabi/lib/thumb/v7e-m+fp/hard/libc_nano.a(lib_a-impure.o)
                0x0000000020000458                _impure_ptr
 .data.impure_data
                0x000000002000045c       0x60 /Applications/STM32CubeIDE.app/Contents/Eclipse/plugins/com.st.stm32cube.ide.mcu.externaltools.gnu-tools-for-stm32.10.3-2021.10.macos64_1.0.0.202111181127/tools/bin/../lib/gcc/arm-none-eabi/10.3.1/../../../../arm-none-eabi/lib/thumb/v7e-m+fp/hard/libc_nano.a(lib_a-impure.o)
 *(.RamFunc)
 *(.RamFunc*)
                0x00000000200004bc                . = ALIGN (0x4)
                0x00000000200004bc                _edata = .
                0x000000000800960c                _siccmram = LOADADDR (.ccmram)

.igot.plt       0x00000000200004bc        0x0 load address 0x000000000800960c
 .igot.plt      0x00000000200004bc        0x0 /Applications/STM32CubeIDE.app/Contents/Eclipse/plugins/com.st.stm32cube.ide.mcu.externaltools.gnu-tools-for-stm32.10.3-2021.10.macos64_1.0.0.202111181127/tools/bin/../lib/gcc/arm-none-eabi/10.3.1/thumb/v7e-m+fp/hard/crtbegin.o

.ccmram         0x0000000010000000        0x0 load address 0x000000000800960c
                0x0000000010000000                . = ALIGN (0x4)
                0x0000000010000000                _sccmram = .
 *(.ccmram)
 *(.ccmram*)
                0x0000000010000000                . = ALIGN (0x4)
                0x0000000010000000                _eccmram = .
                0x0000000010000000                . = ALIGN (0x4)

.bss            0x00000000200004bc       0xc8
                0x00000000200004bc                _sbss = .
                0x00000000200004bc                __bss_start__ = _sbss
 *(.bss)
 .bss           0x00000000200004bc       0x1c /Applications/STM32CubeIDE.app/Contents/Eclipse/plugins/com.st.stm32cube.ide.mcu.externaltools.gnu-tools-for-stm32.10.3-2021.10.macos64_1.0.0.202111181127/tools/bin/../lib/gcc/arm-none-eabi/10.3.1/thumb/v7e-m+fp/hard/crtbegin.o
 *(.bss*)
 .bss.hi2c2     0x00000000200004d8       0x4c ./Core/Src/main.o
                0x00000000200004d8                hi2c2
 .bss.range     0x0000000020000524        0x4 ./Core/Src/main.o
                0x0000000020000524                range
 .bss.range_mm  0x0000000020000528        0x4 ./Core/Src/main.o
                0x0000000020000528                range_mm
 .bss.__sbrk_heap_end
                0x000000002000052c        0x4 ./Core/Src/sysmem.o
 .bss._I2CBuffer
                0x0000000020000530       0x40 ./Core/Src/vl53l0x_platform.o
                0x0000000020000530                _I2CBuffer
 .bss.uwTick    0x0000000020000570        0x4 ./Drivers/STM32F3xx_HAL_Driver/Src/stm32f3xx_hal.o
                0x0000000020000570                uwTick
 .bss.__lock___malloc_recursive_mutex
                0x0000000020000574        0x1 /Applications/STM32CubeIDE.app/Contents/Eclipse/plugins/com.st.stm32cube.ide.mcu.externaltools.gnu-tools-for-stm32.10.3-2021.10.macos64_1.0.0.202111181127/tools/bin/../lib/gcc/arm-none-eabi/10.3.1/../../../../arm-none-eabi/lib/thumb/v7e-m+fp/hard/libc_nano.a(lib_a-lock.o)
                0x0000000020000574                __lock___malloc_recursive_mutex
 .bss.__lock___sfp_recursive_mutex
                0x0000000020000575        0x1 /Applications/STM32CubeIDE.app/Contents/Eclipse/plugins/com.st.stm32cube.ide.mcu.externaltools.gnu-tools-for-stm32.10.3-2021.10.macos64_1.0.0.202111181127/tools/bin/../lib/gcc/arm-none-eabi/10.3.1/../../../../arm-none-eabi/lib/thumb/v7e-m+fp/hard/libc_nano.a(lib_a-lock.o)
                0x0000000020000575                __lock___sfp_recursive_mutex
 .bss.__lock___sinit_recursive_mutex
                0x0000000020000576        0x1 /Applications/STM32CubeIDE.app/Contents/Eclipse/plugins/com.st.stm32cube.ide.mcu.externaltools.gnu-tools-for-stm32.10.3-2021.10.macos64_1.0.0.202111181127/tools/bin/../lib/gcc/arm-none-eabi/10.3.1/../../../../arm-none-eabi/lib/thumb/v7e-m+fp/hard/libc_nano.a(lib_a-lock.o)
                0x0000000020000576                __lock___sinit_recursive_mutex
 *fill*         0x0000000020000577        0x1 
 .bss.__malloc_free_list
                0x0000000020000578        0x4 /Applications/STM32CubeIDE.app/Contents/Eclipse/plugins/com.st.stm32cube.ide.mcu.externaltools.gnu-tools-for-stm32.10.3-2021.10.macos64_1.0.0.202111181127/tools/bin/../lib/gcc/arm-none-eabi/10.3.1/../../../../arm-none-eabi/lib/thumb/v7e-m+fp/hard/libc_nano.a(lib_a-nano-mallocr.o)
                0x0000000020000578                __malloc_free_list
 .bss.__malloc_sbrk_start
                0x000000002000057c        0x4 /Applications/STM32CubeIDE.app/Contents/Eclipse/plugins/com.st.stm32cube.ide.mcu.externaltools.gnu-tools-for-stm32.10.3-2021.10.macos64_1.0.0.202111181127/tools/bin/../lib/gcc/arm-none-eabi/10.3.1/../../../../arm-none-eabi/lib/thumb/v7e-m+fp/hard/libc_nano.a(lib_a-nano-mallocr.o)
                0x000000002000057c                __malloc_sbrk_start
 .bss.errno     0x0000000020000580        0x4 /Applications/STM32CubeIDE.app/Contents/Eclipse/plugins/com.st.stm32cube.ide.mcu.externaltools.gnu-tools-for-stm32.10.3-2021.10.macos64_1.0.0.202111181127/tools/bin/../lib/gcc/arm-none-eabi/10.3.1/../../../../arm-none-eabi/lib/thumb/v7e-m+fp/hard/libc_nano.a(lib_a-reent.o)
                0x0000000020000580                errno
 *(COMMON)
                0x0000000020000584                . = ALIGN (0x4)
                0x0000000020000584                _ebss = .
                0x0000000020000584                __bss_end__ = _ebss

._user_heap_stack
                0x0000000020000584      0x604
                0x0000000020000588                . = ALIGN (0x8)
 *fill*         0x0000000020000584        0x4 
                [!provide]                        PROVIDE (end = .)
                0x0000000020000588                PROVIDE (_end = .)
                0x0000000020000788                . = (. + _Min_Heap_Size)
 *fill*         0x0000000020000588      0x200 
                0x0000000020000b88                . = (. + _Min_Stack_Size)
 *fill*         0x0000000020000788      0x400 
                0x0000000020000b88                . = ALIGN (0x8)

/DISCARD/
 libc.a(*)
 libm.a(*)
 libgcc.a(*)

.ARM.attributes
                0x0000000000000000       0x30
 *(.ARM.attributes)
 .ARM.attributes
                0x0000000000000000       0x1e /Applications/STM32CubeIDE.app/Contents/Eclipse/plugins/com.st.stm32cube.ide.mcu.externaltools.gnu-tools-for-stm32.10.3-2021.10.macos64_1.0.0.202111181127/tools/bin/../lib/gcc/arm-none-eabi/10.3.1/thumb/v7e-m+fp/hard/crti.o
 .ARM.attributes
                0x000000000000001e       0x34 /Applications/STM32CubeIDE.app/Contents/Eclipse/plugins/com.st.stm32cube.ide.mcu.externaltools.gnu-tools-for-stm32.10.3-2021.10.macos64_1.0.0.202111181127/tools/bin/../lib/gcc/arm-none-eabi/10.3.1/thumb/v7e-m+fp/hard/crtbegin.o
 .ARM.attributes
                0x0000000000000052       0x34 ./Core/Src/main.o
 .ARM.attributes
                0x0000000000000086       0x34 ./Core/Src/stm32f3xx_hal_msp.o
 .ARM.attributes
                0x00000000000000ba       0x34 ./Core/Src/stm32f3xx_it.o
 .ARM.attributes
                0x00000000000000ee       0x34 ./Core/Src/syscalls.o
 .ARM.attributes
                0x0000000000000122       0x34 ./Core/Src/sysmem.o
 .ARM.attributes
                0x0000000000000156       0x34 ./Core/Src/system_stm32f3xx.o
 .ARM.attributes
                0x000000000000018a       0x34 ./Core/Src/vl53l0x_platform.o
 .ARM.attributes
                0x00000000000001be       0x21 ./Core/Startup/startup_stm32f303vctx.o
 .ARM.attributes
                0x00000000000001df       0x34 ./Drivers/BSP/Components/vl53l0x/vl53l0x_api.o
 .ARM.attributes
                0x0000000000000213       0x34 ./Drivers/BSP/Components/vl53l0x/vl53l0x_api_calibration.o
 .ARM.attributes
                0x0000000000000247       0x34 ./Drivers/BSP/Components/vl53l0x/vl53l0x_api_core.o
 .ARM.attributes
                0x000000000000027b       0x34 ./Drivers/STM32F3xx_HAL_Driver/Src/stm32f3xx_hal.o
 .ARM.attributes
                0x00000000000002af       0x34 ./Drivers/STM32F3xx_HAL_Driver/Src/stm32f3xx_hal_cortex.o
 .ARM.attributes
                0x00000000000002e3       0x34 ./Drivers/STM32F3xx_HAL_Driver/Src/stm32f3xx_hal_gpio.o
 .ARM.attributes
                0x0000000000000317       0x34 ./Drivers/STM32F3xx_HAL_Driver/Src/stm32f3xx_hal_i2c.o
 .ARM.attributes
                0x000000000000034b       0x34 ./Drivers/STM32F3xx_HAL_Driver/Src/stm32f3xx_hal_i2c_ex.o
 .ARM.attributes
                0x000000000000037f       0x34 ./Drivers/STM32F3xx_HAL_Driver/Src/stm32f3xx_hal_rcc.o
 .ARM.attributes
                0x00000000000003b3       0x34 ./Drivers/STM32F3xx_HAL_Driver/Src/stm32f3xx_hal_rcc_ex.o
 .ARM.attributes
                0x00000000000003e7       0x34 /Applications/STM32CubeIDE.app/Contents/Eclipse/plugins/com.st.stm32cube.ide.mcu.externaltools.gnu-tools-for-stm32.10.3-2021.10.macos64_1.0.0.202111181127/tools/bin/../lib/gcc/arm-none-eabi/10.3.1/../../../../arm-none-eabi/lib/thumb/v7e-m+fp/hard/libc_nano.a(lib_a-errno.o)
 .ARM.attributes
                0x000000000000041b       0x34 /Applications/STM32CubeIDE.app/Contents/Eclipse/plugins/com.st.stm32cube.ide.mcu.externaltools.gnu-tools-for-stm32.10.3-2021.10.macos64_1.0.0.202111181127/tools/bin/../lib/gcc/arm-none-eabi/10.3.1/../../../../arm-none-eabi/lib/thumb/v7e-m+fp/hard/libc_nano.a(lib_a-impure.o)
 .ARM.attributes
                0x000000000000044f       0x34 /Applications/STM32CubeIDE.app/Contents/Eclipse/plugins/com.st.stm32cube.ide.mcu.externaltools.gnu-tools-for-stm32.10.3-2021.10.macos64_1.0.0.202111181127/tools/bin/../lib/gcc/arm-none-eabi/10.3.1/../../../../arm-none-eabi/lib/thumb/v7e-m+fp/hard/libc_nano.a(lib_a-init.o)
 .ARM.attributes
                0x0000000000000483       0x34 /Applications/STM32CubeIDE.app/Contents/Eclipse/plugins/com.st.stm32cube.ide.mcu.externaltools.gnu-tools-for-stm32.10.3-2021.10.macos64_1.0.0.202111181127/tools/bin/../lib/gcc/arm-none-eabi/10.3.1/../../../../arm-none-eabi/lib/thumb/v7e-m+fp/hard/libc_nano.a(lib_a-memcpy-stub.o)
 .ARM.attributes
                0x00000000000004b7       0x34 /Applications/STM32CubeIDE.app/Contents/Eclipse/plugins/com.st.stm32cube.ide.mcu.externaltools.gnu-tools-for-stm32.10.3-2021.10.macos64_1.0.0.202111181127/tools/bin/../lib/gcc/arm-none-eabi/10.3.1/../../../../arm-none-eabi/lib/thumb/v7e-m+fp/hard/libc_nano.a(lib_a-memset.o)
 .ARM.attributes
                0x00000000000004eb       0x34 /Applications/STM32CubeIDE.app/Contents/Eclipse/plugins/com.st.stm32cube.ide.mcu.externaltools.gnu-tools-for-stm32.10.3-2021.10.macos64_1.0.0.202111181127/tools/bin/../lib/gcc/arm-none-eabi/10.3.1/../../../../arm-none-eabi/lib/thumb/v7e-m+fp/hard/libc_nano.a(lib_a-printf.o)
 .ARM.attributes
                0x000000000000051f       0x34 /Applications/STM32CubeIDE.app/Contents/Eclipse/plugins/com.st.stm32cube.ide.mcu.externaltools.gnu-tools-for-stm32.10.3-2021.10.macos64_1.0.0.202111181127/tools/bin/../lib/gcc/arm-none-eabi/10.3.1/../../../../arm-none-eabi/lib/thumb/v7e-m+fp/hard/libc_nano.a(lib_a-puts.o)
 .ARM.attributes
                0x0000000000000553       0x34 /Applications/STM32CubeIDE.app/Contents/Eclipse/plugins/com.st.stm32cube.ide.mcu.externaltools.gnu-tools-for-stm32.10.3-2021.10.macos64_1.0.0.202111181127/tools/bin/../lib/gcc/arm-none-eabi/10.3.1/../../../../arm-none-eabi/lib/thumb/v7e-m+fp/hard/libc_nano.a(lib_a-strcpy.o)
 .ARM.attributes
                0x0000000000000587       0x34 /Applications/STM32CubeIDE.app/Contents/Eclipse/plugins/com.st.stm32cube.ide.mcu.externaltools.gnu-tools-for-stm32.10.3-2021.10.macos64_1.0.0.202111181127/tools/bin/../lib/gcc/arm-none-eabi/10.3.1/../../../../arm-none-eabi/lib/thumb/v7e-m+fp/hard/libc_nano.a(lib_a-wbuf.o)
 .ARM.attributes
                0x00000000000005bb       0x34 /Applications/STM32CubeIDE.app/Contents/Eclipse/plugins/com.st.stm32cube.ide.mcu.externaltools.gnu-tools-for-stm32.10.3-2021.10.macos64_1.0.0.202111181127/tools/bin/../lib/gcc/arm-none-eabi/10.3.1/../../../../arm-none-eabi/lib/thumb/v7e-m+fp/hard/libc_nano.a(lib_a-wsetup.o)
 .ARM.attributes
                0x00000000000005ef       0x34 /Applications/STM32CubeIDE.app/Contents/Eclipse/plugins/com.st.stm32cube.ide.mcu.externaltools.gnu-tools-for-stm32.10.3-2021.10.macos64_1.0.0.202111181127/tools/bin/../lib/gcc/arm-none-eabi/10.3.1/../../../../arm-none-eabi/lib/thumb/v7e-m+fp/hard/libc_nano.a(lib_a-fflush.o)
 .ARM.attributes
                0x0000000000000623       0x34 /Applications/STM32CubeIDE.app/Contents/Eclipse/plugins/com.st.stm32cube.ide.mcu.externaltools.gnu-tools-for-stm32.10.3-2021.10.macos64_1.0.0.202111181127/tools/bin/../lib/gcc/arm-none-eabi/10.3.1/../../../../arm-none-eabi/lib/thumb/v7e-m+fp/hard/libc_nano.a(lib_a-findfp.o)
 .ARM.attributes
                0x0000000000000657       0x34 /Applications/STM32CubeIDE.app/Contents/Eclipse/plugins/com.st.stm32cube.ide.mcu.externaltools.gnu-tools-for-stm32.10.3-2021.10.macos64_1.0.0.202111181127/tools/bin/../lib/gcc/arm-none-eabi/10.3.1/../../../../arm-none-eabi/lib/thumb/v7e-m+fp/hard/libc_nano.a(lib_a-fwalk.o)
 .ARM.attributes
                0x000000000000068b       0x34 /Applications/STM32CubeIDE.app/Contents/Eclipse/plugins/com.st.stm32cube.ide.mcu.externaltools.gnu-tools-for-stm32.10.3-2021.10.macos64_1.0.0.202111181127/tools/bin/../lib/gcc/arm-none-eabi/10.3.1/../../../../arm-none-eabi/lib/thumb/v7e-m+fp/hard/libc_nano.a(lib_a-lock.o)
 .ARM.attributes
                0x00000000000006bf       0x34 /Applications/STM32CubeIDE.app/Contents/Eclipse/plugins/com.st.stm32cube.ide.mcu.externaltools.gnu-tools-for-stm32.10.3-2021.10.macos64_1.0.0.202111181127/tools/bin/../lib/gcc/arm-none-eabi/10.3.1/../../../../arm-none-eabi/lib/thumb/v7e-m+fp/hard/libc_nano.a(lib_a-makebuf.o)
 .ARM.attributes
                0x00000000000006f3       0x34 /Applications/STM32CubeIDE.app/Contents/Eclipse/plugins/com.st.stm32cube.ide.mcu.externaltools.gnu-tools-for-stm32.10.3-2021.10.macos64_1.0.0.202111181127/tools/bin/../lib/gcc/arm-none-eabi/10.3.1/../../../../arm-none-eabi/lib/thumb/v7e-m+fp/hard/libc_nano.a(lib_a-nano-freer.o)
 .ARM.attributes
                0x0000000000000727       0x34 /Applications/STM32CubeIDE.app/Contents/Eclipse/plugins/com.st.stm32cube.ide.mcu.externaltools.gnu-tools-for-stm32.10.3-2021.10.macos64_1.0.0.202111181127/tools/bin/../lib/gcc/arm-none-eabi/10.3.1/../../../../arm-none-eabi/lib/thumb/v7e-m+fp/hard/libc_nano.a(lib_a-nano-mallocr.o)
 .ARM.attributes
                0x000000000000075b       0x34 /Applications/STM32CubeIDE.app/Contents/Eclipse/plugins/com.st.stm32cube.ide.mcu.externaltools.gnu-tools-for-stm32.10.3-2021.10.macos64_1.0.0.202111181127/tools/bin/../lib/gcc/arm-none-eabi/10.3.1/../../../../arm-none-eabi/lib/thumb/v7e-m+fp/hard/libc_nano.a(lib_a-nano-vfprintf.o)
 .ARM.attributes
                0x000000000000078f       0x34 /Applications/STM32CubeIDE.app/Contents/Eclipse/plugins/com.st.stm32cube.ide.mcu.externaltools.gnu-tools-for-stm32.10.3-2021.10.macos64_1.0.0.202111181127/tools/bin/../lib/gcc/arm-none-eabi/10.3.1/../../../../arm-none-eabi/lib/thumb/v7e-m+fp/hard/libc_nano.a(lib_a-nano-vfprintf_i.o)
 .ARM.attributes
                0x00000000000007c3       0x34 /Applications/STM32CubeIDE.app/Contents/Eclipse/plugins/com.st.stm32cube.ide.mcu.externaltools.gnu-tools-for-stm32.10.3-2021.10.macos64_1.0.0.202111181127/tools/bin/../lib/gcc/arm-none-eabi/10.3.1/../../../../arm-none-eabi/lib/thumb/v7e-m+fp/hard/libc_nano.a(lib_a-sbrkr.o)
 .ARM.attributes
                0x00000000000007f7       0x34 /Applications/STM32CubeIDE.app/Contents/Eclipse/plugins/com.st.stm32cube.ide.mcu.externaltools.gnu-tools-for-stm32.10.3-2021.10.macos64_1.0.0.202111181127/tools/bin/../lib/gcc/arm-none-eabi/10.3.1/../../../../arm-none-eabi/lib/thumb/v7e-m+fp/hard/libc_nano.a(lib_a-stdio.o)
 .ARM.attributes
                0x000000000000082b       0x34 /Applications/STM32CubeIDE.app/Contents/Eclipse/plugins/com.st.stm32cube.ide.mcu.externaltools.gnu-tools-for-stm32.10.3-2021.10.macos64_1.0.0.202111181127/tools/bin/../lib/gcc/arm-none-eabi/10.3.1/../../../../arm-none-eabi/lib/thumb/v7e-m+fp/hard/libc_nano.a(lib_a-writer.o)
 .ARM.attributes
                0x000000000000085f       0x34 /Applications/STM32CubeIDE.app/Contents/Eclipse/plugins/com.st.stm32cube.ide.mcu.externaltools.gnu-tools-for-stm32.10.3-2021.10.macos64_1.0.0.202111181127/tools/bin/../lib/gcc/arm-none-eabi/10.3.1/../../../../arm-none-eabi/lib/thumb/v7e-m+fp/hard/libc_nano.a(lib_a-closer.o)
 .ARM.attributes
                0x0000000000000893       0x34 /Applications/STM32CubeIDE.app/Contents/Eclipse/plugins/com.st.stm32cube.ide.mcu.externaltools.gnu-tools-for-stm32.10.3-2021.10.macos64_1.0.0.202111181127/tools/bin/../lib/gcc/arm-none-eabi/10.3.1/../../../../arm-none-eabi/lib/thumb/v7e-m+fp/hard/libc_nano.a(lib_a-fstatr.o)
 .ARM.attributes
                0x00000000000008c7       0x34 /Applications/STM32CubeIDE.app/Contents/Eclipse/plugins/com.st.stm32cube.ide.mcu.externaltools.gnu-tools-for-stm32.10.3-2021.10.macos64_1.0.0.202111181127/tools/bin/../lib/gcc/arm-none-eabi/10.3.1/../../../../arm-none-eabi/lib/thumb/v7e-m+fp/hard/libc_nano.a(lib_a-isattyr.o)
 .ARM.attributes
                0x00000000000008fb       0x34 /Applications/STM32CubeIDE.app/Contents/Eclipse/plugins/com.st.stm32cube.ide.mcu.externaltools.gnu-tools-for-stm32.10.3-2021.10.macos64_1.0.0.202111181127/tools/bin/../lib/gcc/arm-none-eabi/10.3.1/../../../../arm-none-eabi/lib/thumb/v7e-m+fp/hard/libc_nano.a(lib_a-lseekr.o)
 .ARM.attributes
                0x000000000000092f       0x1c /Applications/STM32CubeIDE.app/Contents/Eclipse/plugins/com.st.stm32cube.ide.mcu.externaltools.gnu-tools-for-stm32.10.3-2021.10.macos64_1.0.0.202111181127/tools/bin/../lib/gcc/arm-none-eabi/10.3.1/../../../../arm-none-eabi/lib/thumb/v7e-m+fp/hard/libc_nano.a(lib_a-memchr.o)
 .ARM.attributes
                0x000000000000094b       0x34 /Applications/STM32CubeIDE.app/Contents/Eclipse/plugins/com.st.stm32cube.ide.mcu.externaltools.gnu-tools-for-stm32.10.3-2021.10.macos64_1.0.0.202111181127/tools/bin/../lib/gcc/arm-none-eabi/10.3.1/../../../../arm-none-eabi/lib/thumb/v7e-m+fp/hard/libc_nano.a(lib_a-mlock.o)
 .ARM.attributes
                0x000000000000097f       0x34 /Applications/STM32CubeIDE.app/Contents/Eclipse/plugins/com.st.stm32cube.ide.mcu.externaltools.gnu-tools-for-stm32.10.3-2021.10.macos64_1.0.0.202111181127/tools/bin/../lib/gcc/arm-none-eabi/10.3.1/../../../../arm-none-eabi/lib/thumb/v7e-m+fp/hard/libc_nano.a(lib_a-readr.o)
 .ARM.attributes
                0x00000000000009b3       0x34 /Applications/STM32CubeIDE.app/Contents/Eclipse/plugins/com.st.stm32cube.ide.mcu.externaltools.gnu-tools-for-stm32.10.3-2021.10.macos64_1.0.0.202111181127/tools/bin/../lib/gcc/arm-none-eabi/10.3.1/../../../../arm-none-eabi/lib/thumb/v7e-m+fp/hard/libc_nano.a(lib_a-reent.o)
 .ARM.attributes
                0x00000000000009e7       0x1e /Applications/STM32CubeIDE.app/Contents/Eclipse/plugins/com.st.stm32cube.ide.mcu.externaltools.gnu-tools-for-stm32.10.3-2021.10.macos64_1.0.0.202111181127/tools/bin/../lib/gcc/arm-none-eabi/10.3.1/thumb/v7e-m+fp/hard/crtn.o
OUTPUT(KiteToF_F3.elf elf32-littlearm)
LOAD linker stubs
LOAD /Applications/STM32CubeIDE.app/Contents/Eclipse/plugins/com.st.stm32cube.ide.mcu.externaltools.gnu-tools-for-stm32.10.3-2021.10.macos64_1.0.0.202111181127/tools/bin/../lib/gcc/arm-none-eabi/10.3.1/../../../../arm-none-eabi/lib/thumb/v7e-m+fp/hard/libc.a
LOAD /Applications/STM32CubeIDE.app/Contents/Eclipse/plugins/com.st.stm32cube.ide.mcu.externaltools.gnu-tools-for-stm32.10.3-2021.10.macos64_1.0.0.202111181127/tools/bin/../lib/gcc/arm-none-eabi/10.3.1/../../../../arm-none-eabi/lib/thumb/v7e-m+fp/hard/libm.a
LOAD /Applications/STM32CubeIDE.app/Contents/Eclipse/plugins/com.st.stm32cube.ide.mcu.externaltools.gnu-tools-for-stm32.10.3-2021.10.macos64_1.0.0.202111181127/tools/bin/../lib/gcc/arm-none-eabi/10.3.1/thumb/v7e-m+fp/hard/libgcc.a

.debug_info     0x0000000000000000    0x11ce4
 .debug_info    0x0000000000000000     0x1798 ./Core/Src/main.o
 .debug_info    0x0000000000001798      0x910 ./Core/Src/stm32f3xx_hal_msp.o
 .debug_info    0x00000000000020a8      0x122 ./Core/Src/stm32f3xx_it.o
 .debug_info    0x00000000000021ca      0x6e0 ./Core/Src/syscalls.o
 .debug_info    0x00000000000028aa      0x171 ./Core/Src/sysmem.o
 .debug_info    0x0000000000002a1b      0x416 ./Core/Src/system_stm32f3xx.o
 .debug_info    0x0000000000002e31     0x12a8 ./Core/Src/vl53l0x_platform.o
 .debug_info    0x00000000000040d9       0x22 ./Core/Startup/startup_stm32f303vctx.o
 .debug_info    0x00000000000040fb     0x385b ./Drivers/BSP/Components/vl53l0x/vl53l0x_api.o
 .debug_info    0x0000000000007956     0x1e82 ./Drivers/BSP/Components/vl53l0x/vl53l0x_api_calibration.o
 .debug_info    0x00000000000097d8     0x2374 ./Drivers/BSP/Components/vl53l0x/vl53l0x_api_core.o
 .debug_info    0x000000000000bb4c      0x807 ./Drivers/STM32F3xx_HAL_Driver/Src/stm32f3xx_hal.o
 .debug_info    0x000000000000c353      0xd85 ./Drivers/STM32F3xx_HAL_Driver/Src/stm32f3xx_hal_cortex.o
 .debug_info    0x000000000000d0d8      0x68a ./Drivers/STM32F3xx_HAL_Driver/Src/stm32f3xx_hal_gpio.o
 .debug_info    0x000000000000d762     0x214e ./Drivers/STM32F3xx_HAL_Driver/Src/stm32f3xx_hal_i2c.o
 .debug_info    0x000000000000f8b0      0x891 ./Drivers/STM32F3xx_HAL_Driver/Src/stm32f3xx_hal_i2c_ex.o
 .debug_info    0x0000000000010141     0x1586 ./Drivers/STM32F3xx_HAL_Driver/Src/stm32f3xx_hal_rcc.o
 .debug_info    0x00000000000116c7      0x61d ./Drivers/STM32F3xx_HAL_Driver/Src/stm32f3xx_hal_rcc_ex.o

.debug_abbrev   0x0000000000000000     0x2312
 .debug_abbrev  0x0000000000000000      0x333 ./Core/Src/main.o
 .debug_abbrev  0x0000000000000333      0x19f ./Core/Src/stm32f3xx_hal_msp.o
 .debug_abbrev  0x00000000000004d2       0x74 ./Core/Src/stm32f3xx_it.o
 .debug_abbrev  0x0000000000000546      0x1b3 ./Core/Src/syscalls.o
 .debug_abbrev  0x00000000000006f9       0xbb ./Core/Src/sysmem.o
 .debug_abbrev  0x00000000000007b4      0x116 ./Core/Src/system_stm32f3xx.o
 .debug_abbrev  0x00000000000008ca      0x235 ./Core/Src/vl53l0x_platform.o
 .debug_abbrev  0x0000000000000aff       0x12 ./Core/Startup/startup_stm32f303vctx.o
 .debug_abbrev  0x0000000000000b11      0x2a3 ./Drivers/BSP/Components/vl53l0x/vl53l0x_api.o
 .debug_abbrev  0x0000000000000db4      0x298 ./Drivers/BSP/Components/vl53l0x/vl53l0x_api_calibration.o
 .debug_abbrev  0x000000000000104c      0x2af ./Drivers/BSP/Components/vl53l0x/vl53l0x_api_core.o
 .debug_abbrev  0x00000000000012fb      0x20e ./Drivers/STM32F3xx_HAL_Driver/Src/stm32f3xx_hal.o
 .debug_abbrev  0x0000000000001509      0x316 ./Drivers/STM32F3xx_HAL_Driver/Src/stm32f3xx_hal_cortex.o
 .debug_abbrev  0x000000000000181f      0x1bb ./Drivers/STM32F3xx_HAL_Driver/Src/stm32f3xx_hal_gpio.o
 .debug_abbrev  0x00000000000019da      0x243 ./Drivers/STM32F3xx_HAL_Driver/Src/stm32f3xx_hal_i2c.o
 .debug_abbrev  0x0000000000001c1d      0x1b0 ./Drivers/STM32F3xx_HAL_Driver/Src/stm32f3xx_hal_i2c_ex.o
 .debug_abbrev  0x0000000000001dcd      0x30c ./Drivers/STM32F3xx_HAL_Driver/Src/stm32f3xx_hal_rcc.o
 .debug_abbrev  0x00000000000020d9      0x239 ./Drivers/STM32F3xx_HAL_Driver/Src/stm32f3xx_hal_rcc_ex.o

.debug_aranges  0x0000000000000000      0xd48
 .debug_aranges
                0x0000000000000000       0x60 ./Core/Src/main.o
 .debug_aranges
                0x0000000000000060       0x30 ./Core/Src/stm32f3xx_hal_msp.o
 .debug_aranges
                0x0000000000000090       0x60 ./Core/Src/stm32f3xx_it.o
 .debug_aranges
                0x00000000000000f0       0xa8 ./Core/Src/syscalls.o
 .debug_aranges
                0x0000000000000198       0x20 ./Core/Src/sysmem.o
 .debug_aranges
                0x00000000000001b8       0x28 ./Core/Src/system_stm32f3xx.o
 .debug_aranges
                0x00000000000001e0       0x78 ./Core/Src/vl53l0x_platform.o
 .debug_aranges
                0x0000000000000258       0x28 ./Core/Startup/startup_stm32f303vctx.o
 .debug_aranges
                0x0000000000000280      0x330 ./Drivers/BSP/Components/vl53l0x/vl53l0x_api.o
 .debug_aranges
                0x00000000000005b0       0xd0 ./Drivers/BSP/Components/vl53l0x/vl53l0x_api_calibration.o
 .debug_aranges
                0x0000000000000680       0xe0 ./Drivers/BSP/Components/vl53l0x/vl53l0x_api_core.o
 .debug_aranges
                0x0000000000000760       0xe0 ./Drivers/STM32F3xx_HAL_Driver/Src/stm32f3xx_hal.o
 .debug_aranges
                0x0000000000000840      0x118 ./Drivers/STM32F3xx_HAL_Driver/Src/stm32f3xx_hal_cortex.o
 .debug_aranges
                0x0000000000000958       0x58 ./Drivers/STM32F3xx_HAL_Driver/Src/stm32f3xx_hal_gpio.o
 .debug_aranges
                0x00000000000009b0      0x290 ./Drivers/STM32F3xx_HAL_Driver/Src/stm32f3xx_hal_i2c.o
 .debug_aranges
                0x0000000000000c40       0x48 ./Drivers/STM32F3xx_HAL_Driver/Src/stm32f3xx_hal_i2c_ex.o
 .debug_aranges
                0x0000000000000c88       0x88 ./Drivers/STM32F3xx_HAL_Driver/Src/stm32f3xx_hal_rcc.o
 .debug_aranges
                0x0000000000000d10       0x38 ./Drivers/STM32F3xx_HAL_Driver/Src/stm32f3xx_hal_rcc_ex.o

.debug_ranges   0x0000000000000000      0xc30
 .debug_ranges  0x0000000000000000       0x50 ./Core/Src/main.o
 .debug_ranges  0x0000000000000050       0x20 ./Core/Src/stm32f3xx_hal_msp.o
 .debug_ranges  0x0000000000000070       0x50 ./Core/Src/stm32f3xx_it.o
 .debug_ranges  0x00000000000000c0       0x98 ./Core/Src/syscalls.o
 .debug_ranges  0x0000000000000158       0x10 ./Core/Src/sysmem.o
 .debug_ranges  0x0000000000000168       0x18 ./Core/Src/system_stm32f3xx.o
 .debug_ranges  0x0000000000000180       0x68 ./Core/Src/vl53l0x_platform.o
 .debug_ranges  0x00000000000001e8       0x20 ./Core/Startup/startup_stm32f303vctx.o
 .debug_ranges  0x0000000000000208      0x320 ./Drivers/BSP/Components/vl53l0x/vl53l0x_api.o
 .debug_ranges  0x0000000000000528       0xc0 ./Drivers/BSP/Components/vl53l0x/vl53l0x_api_calibration.o
 .debug_ranges  0x00000000000005e8       0xd0 ./Drivers/BSP/Components/vl53l0x/vl53l0x_api_core.o
 .debug_ranges  0x00000000000006b8       0xd0 ./Drivers/STM32F3xx_HAL_Driver/Src/stm32f3xx_hal.o
 .debug_ranges  0x0000000000000788      0x108 ./Drivers/STM32F3xx_HAL_Driver/Src/stm32f3xx_hal_cortex.o
 .debug_ranges  0x0000000000000890       0x48 ./Drivers/STM32F3xx_HAL_Driver/Src/stm32f3xx_hal_gpio.o
 .debug_ranges  0x00000000000008d8      0x280 ./Drivers/STM32F3xx_HAL_Driver/Src/stm32f3xx_hal_i2c.o
 .debug_ranges  0x0000000000000b58       0x38 ./Drivers/STM32F3xx_HAL_Driver/Src/stm32f3xx_hal_i2c_ex.o
 .debug_ranges  0x0000000000000b90       0x78 ./Drivers/STM32F3xx_HAL_Driver/Src/stm32f3xx_hal_rcc.o
 .debug_ranges  0x0000000000000c08       0x28 ./Drivers/STM32F3xx_HAL_Driver/Src/stm32f3xx_hal_rcc_ex.o

.debug_macro    0x0000000000000000    0x1eeb7